Settings:
  Output files: "results/index/hisat3n/hisat3n.3n.*.ht2"
  Line rate: 7 (line is 128 bytes)
  Lines per side: 1 (side is 128 bytes)
  Offset rate: 4 (one in 16)
  FTable chars: 10
  Strings: unpacked
  Local offset rate: 3 (one in 8)
  Local fTable chars: 6
  Local sequence length: 57344
  Local sequence overlap between two consecutive indexes: 1024
  Endianness: little
  Actual local endianness: little
  Sanity checking: disabled
  Assertions: disabled
  Random seed: 0
  Sizeofs: void*:8, int:4, long:8, size_t:8
Input files DNA, FASTA:
  /mnt/ssd/ref/nfcore/GLORI/Homo_sapiens.GRCh38.dna_sm.primary_assembly.fa
Reading reference sizes
  Time reading reference sizes: 00:00:47
Calculating joined length
Writing header
Reserving space for joined string
Joining reference sequences
  Time to join reference sequences: 00:00:11
  Time to read SNPs and splice sites: 00:00:02
Generation 0 (2949051177 -> 2949051177 nodes, 0 ranks)
COUNTED NEW NODES: 1
COUNTED TEMP NODES: 0
RESIZED NODES: 31
RESIZED NODES: 0
MADE NEW NODES: 1
Generation 1 (2949442672 -> 2949442672 nodes, 0 ranks)
COUNTED NEW NODES: 1
COUNTED TEMP NODES: 0
RESIZED NODES: 39
RESIZED NODES: 0
MADE NEW NODES: 1
Generation 2 (2950226314 -> 2950226314 nodes, 0 ranks)
COUNTED NEW NODES: 1
COUNTED TEMP NODES: 0
RESIZED NODES: 31
RESIZED NODES: 0
MADE NEW NODES: 2
Generation 3 (2951794794 -> 2951794794 nodes, 0 ranks)
BUILT FROM_INDEX: 6
COUNTED NEW NODES: 1
COUNTED TEMP NODES: 0
RESIZED NODES: 34
RESIZED NODES: 0
MADE NEW NODES: 3
RESIZE NODES: 69
COUNT NUMBER IN EACH BIN: 2
FINISHED FIRST ROUND: 0
1 113016941
2 58792367
1 116778467
13 65934129
2 52016789
1 89008613
5 120232467
2 61549506
1 194724039
101 59410111
2 49887213
1 67735024
13 46382433
2 38383688
1 68669299
5 76188738
2 52004242
1 146727598
37 116142566
2 98309241
1 191985931
13 64708614
2 63034308
1 117226682
5 210030071
2 131385836
1 484672052
0 0
0 0
0 0
0 0
0 0
0 0
0 0
0 0
0 0
0 0
0 0
0 0
0 0
0 0
0 0
0 0
0 0
0 0
0 0
0 0
0 0
0 0
0 0
0 0
0 0
0 0
0 0
0 0
0 0
0 0
0 0
0 0
0 0
0 0
0 0
0 0
0 0
0 0
0 0
0 0
0 0
0 0
0 0
0 0
0 0
0 0
0 0
0 0
0 0
0 0
0 0
0 0
0 0
0 0
0 0
0 0
0 0
0 0
0 0
0 0
0 0
0 0
0 0
0 0
0 0
0 0
0 0
0 0
0 0
0 0
0 0
0 0
0 0
0 0
0 0
0 0
0 0
0 0
0 0
0 0
0 0
0 0
0 0
0 0
0 0
0 0
0 0
0 0
0 0
0 0
0 0
0 0
0 0
0 0
0 0
0 0
0 0
2 1
16 1
43 1
85 1
FINISHED RECURSIVE SORTS: 37
SORT NODES: 39
MERGE, UPDATE RANK: 17
Generation 4 (2954936969 -> 2954936610 nodes, 42893133 ranks)
ALLOCATE FROM_TABLE: 49
COUNT NUMBER IN EACH BIN: 0
FINISHED FIRST ROUND: 2
3 25260794
3 25258196
3 25218424
3 25207246
3 25212201
3 25266461
3 25208990
3 25222056
3 25221998
3 25212529
3 25205292
3 25202034
3 25219841
3 25224567
3 25246629
3 25208100
3 25232099
3 25253513
3 25208046
3 25234874
3 25233056
3 25240010
3 25230556
3 25209513
3 25241704
3 25215231
3 25201654
3 25181262
3 25199253
3 25226708
3 25213308
3 25221374
3 25227954
3 25245540
3 25237420
3 25242929
3 25250226
3 25240823
3 25237353
3 25286934
3 25264792
3 25246633
3 25264721
3 25199363
3 25202657
3 25243231
3 25273688
3 25338224
3 25210086
3 25227242
3 25224192
3 25212855
3 25203855
3 25203297
3 25215585
3 25221368
3 25218858
3 25234358
3 25218032
3 25221756
3 25207456
3 25228488
3 25262180
3 25231997
3 25208942
3 25249783
3 25180390
3 25204754
3 25231232
3 25201852
3 25219861
3 25223395
3 25191896
3 25197134
3 25205851
3 25207325
3 25193648
3 25197075
3 25202653
3 25187885
3 25201244
3 25208603
3 25193905
3 25203902
3 25228003
3 25219677
3 25207029
3 25256860
3 25191877
3 25193521
3 25205143
3 25211272
3 25219086
3 25205060
3 25203394
3 25202747
2 16825095
2 16808588
2 16810148
2 16818477
2 16801319
2 16810556
2 16812102
2 16796312
2 16801843
2 16799253
2 16804863
2 16799786
2 16821477
2 16800807
2 16791083
2 16806830
2 16796459
2 16813954
2 16804970
2 16834412
2 16813148
2 16799185
2 16792750
2 16809047
2 16803461
2 16782287
2 16801646
2 16794237
2 16793598
2 16807632
2 16795483
2 12649191
FINISHED RECURSIVE SORTS: 4
BUILD TABLE: 6
BUILD INDEX: 8
COUNTED NEW NODES: 13
COUNTED TEMP NODES: 0
RESIZED NODES: 39
RESIZED NODES: 0
MADE NEW NODES: 26
MERGEUPDATERANK: 120
TOTAL TIME: 261
Generation 5 (2961268091 -> 2955615706 nodes, 2401444003 ranks)
ALLOCATE FROM_TABLE: 0
COUNT NUMBER IN EACH BIN: 1
FINISHED FIRST ROUND: 1
3 25270903
3 25265697
3 25223918
3 25211732
3 25218254
3 25280411
3 25213364
3 25227869
3 25228051
3 25218337
3 25210858
3 25205917
3 25225878
3 25229057
3 25253929
3 25211863
3 25239195
3 25260623
3 25213085
3 25240251
3 25241946
3 25249053
3 25237367
3 25214152
3 25247961
3 25220700
3 25206636
3 25183067
3 25201736
3 25234552
3 25218202
3 25226247
3 25236454
3 25256489
3 25244974
3 25250021
3 25258384
3 25250845
3 25244116
3 25298254
3 25277278
3 25256844
3 25271964
3 25202923
3 25206789
3 25249490
3 25285680
3 25357532
3 25214519
3 25232675
3 25230321
3 25219785
3 25208670
3 25208426
3 25221952
3 25227371
3 25222886
3 25239905
3 25223511
3 25225798
3 25213868
3 25236237
3 25271701
3 25237086
3 25212575
3 25257564
3 25182801
3 25208624
3 25237406
3 25205415
3 25224989
3 25229121
3 25194799
3 25201378
3 25210206
3 25212656
3 25197493
3 25200114
3 25207123
3 25190388
3 25205212
3 25213135
3 25197021
3 25208108
3 25233447
3 25224884
3 25211213
3 25264945
3 25195508
3 25196386
3 25209634
3 25216500
3 25224414
3 25209085
3 25208553
3 25210250
2 16830280
2 16812767
2 16813771
2 16822879
2 16804023
2 16814327
2 16815385
2 16798076
2 16804973
2 16802907
2 16807874
2 16802067
2 16825134
2 16803161
2 16792409
2 16813716
2 16799258
2 16818196
2 16807276
2 16838936
2 16815774
2 16802566
2 16794591
2 16812605
2 16806586
2 16783140
2 16803916
2 16796321
2 16796030
2 16811568
2 16800652
2 12650036
FINISHED RECURSIVE SORTS: 3
BUILD TABLE: 5
BUILD INDEX: 5
COUNTED NEW NODES: 1
COUNTED TEMP NODES: 0
RESIZED NODES: 33
RESIZED NODES: 0
MADE NEW NODES: 3
MERGEUPDATERANK: 24
TOTAL TIME: 71
Generation 6 (2956279595 -> 2955916044 nodes, 2719078472 ranks)
ALLOCATE FROM_TABLE: 0
COUNT NUMBER IN EACH BIN: 1
FINISHED FIRST ROUND: 1
3 25277922
3 25268098
3 25225710
3 25212827
3 25221860
3 25290890
3 25214477
3 25229577
3 25230534
3 25220967
3 25213615
3 25208105
3 25228767
3 25230080
3 25256710
3 25212580
3 25242700
3 25263450
3 25214864
3 25241411
3 25245469
3 25253461
3 25239434
3 25215544
3 25250136
3 25222595
3 25208320
3 25183484
3 25202106
3 25237937
3 25219009
3 25227718
3 25243052
3 25262743
3 25247619
3 25253613
3 25264434
3 25258665
3 25246666
3 25304017
3 25283754
3 25262515
3 25274807
3 25204275
3 25208147
3 25252741
3 25290792
3 25366817
3 25215898
3 25234674
3 25232111
3 25224378
3 25211696
3 25210661
3 25224621
3 25228797
3 25223844
3 25242276
3 25225743
3 25226767
3 25220105
3 25242758
3 25277117
3 25238561
3 25214026
3 25260216
3 25184118
3 25209446
3 25239252
3 25206318
3 25226497
3 25231480
3 25195810
3 25202577
3 25211205
3 25214915
3 25198950
3 25201008
3 25209339
3 25191386
3 25206442
3 25214855
3 25197993
3 25208917
3 25234884
3 25227111
3 25212419
3 25267631
3 25197060
3 25197066
3 25210792
3 25218152
3 25226736
3 25210069
3 25211034
3 25215979
2 16832543
2 16814461
2 16814871
2 16824611
2 16805193
2 16816167
2 16816448
2 16798361
2 16806207
2 16804067
2 16808631
2 16803043
2 16825774
2 16804252
2 16792565
2 16821299
2 16801061
2 16819690
2 16807734
2 16840786
2 16817101
2 16804281
2 16794910
2 16814562
2 16807987
2 16783413
2 16804591
2 16797045
2 16797029
2 16813983
2 16803922
2 12650752
FINISHED RECURSIVE SORTS: 2
BUILD TABLE: 4
BUILD INDEX: 5
COUNTED NEW NODES: 1
COUNTED TEMP NODES: 0
RESIZED NODES: 0
RESIZED NODES: 0
MADE NEW NODES: 2
MERGEUPDATERANK: 14
TOTAL TIME: 26
Generation 7 (2956336682 -> 2956122815 nodes, 2849162276 ranks)
ALLOCATE FROM_TABLE: 0
COUNT NUMBER IN EACH BIN: 0
FINISHED FIRST ROUND: 1
3 25284616
3 25268551
3 25225997
3 25213250
3 25225167
3 25302428
3 25214575
3 25231016
3 25232256
3 25223147
3 25215393
3 25210101
3 25230795
3 25230600
3 25259515
3 25212877
3 25244299
3 25264625
3 25215603
3 25241765
3 25246703
3 25255772
3 25240174
3 25216227
3 25250971
3 25223231
3 25208798
3 25183706
3 25202148
3 25241214
3 25219098
3 25228328
3 25248896
3 25268973
3 25248721
3 25256301
3 25270596
3 25268319
3 25248196
3 25307770
3 25288820
3 25266417
3 25276330
3 25205130
3 25208450
3 25254831
3 25291998
3 25370071
3 25216566
3 25235446
3 25232729
3 25227631
3 25214357
3 25212249
3 25226117
3 25229347
3 25223980
3 25243363
3 25226166
3 25226822
3 25228761
3 25250915
3 25281686
3 25239312
3 25214803
3 25261119
3 25184507
3 25209603
3 25240133
3 25206435
3 25227012
3 25232555
3 25196275
3 25203031
3 25211573
3 25215916
3 25199267
3 25201676
3 25211248
3 25191824
3 25206931
3 25216639
3 25198180
3 25209149
3 25235145
3 25228579
3 25213253
3 25269317
3 25198482
3 25197175
3 25210785
3 25218689
3 25228231
3 25210286
3 25212698
3 25220938
2 16833778
2 16816760
2 16815274
2 16826614
2 16805777
2 16817754
2 16816637
2 16798456
2 16806653
2 16804638
2 16808850
2 16803295
2 16825717
2 16804903
2 16792576
2 16830197
2 16802823
2 16820423
2 16807879
2 16841790
2 16818250
2 16805621
2 16795060
2 16815310
2 16808477
2 16783517
2 16804904
2 16797503
2 16797606
2 16816007
2 16808371
2 12651729
FINISHED RECURSIVE SORTS: 3
BUILD TABLE: 4
BUILD INDEX: 9
COUNTED NEW NODES: 1
COUNTED TEMP NODES: 0
RESIZED NODES: 33
RESIZED NODES: 0
MADE NEW NODES: 1
MERGEUPDATERANK: 9
TOTAL TIME: 57
Generation 8 (2956421476 -> 2956288916 nodes, 2891991480 ranks)
ALLOCATE FROM_TABLE: 0
COUNT NUMBER IN EACH BIN: 1
FINISHED FIRST ROUND: 1
3 25290906
3 25268482
3 25226236
3 25213559
3 25228565
3 25311897
3 25214541
3 25232943
3 25232488
3 25224178
3 25216056
3 25212132
3 25231714
3 25230939
3 25263183
3 25213127
3 25244584
3 25265006
3 25215662
3 25241959
3 25247334
3 25255857
3 25240462
3 25216363
3 25250731
3 25223325
3 25208816
3 25183698
3 25202130
3 25244920
3 25219034
3 25228887
3 25254824
3 25275819
3 25248901
3 25258461
3 25277414
3 25281005
3 25249270
3 25311334
3 25292970
3 25269906
3 25277307
3 25205374
3 25208403
3 25258047
3 25292451
3 25371077
3 25216624
3 25235450
3 25232524
3 25229135
3 25216767
3 25212971
3 25226088
3 25229387
3 25223850
3 25243801
3 25226124
3 25226785
3 25240262
3 25261956
3 25284851
3 25239652
3 25214817
3 25260976
3 25184373
3 25209603
3 25240445
3 25206358
3 25226959
3 25232963
3 25196560
3 25203292
3 25211307
3 25216298
3 25199642
3 25201554
3 25213453
3 25191714
3 25206987
3 25219558
3 25198297
3 25209001
3 25235196
3 25229658
3 25214118
3 25270243
3 25200095
3 25197135
3 25210514
3 25218706
3 25228991
3 25210314
3 25213146
3 25225006
2 16834067
2 16819541
2 16815530
2 16828813
2 16806379
2 16818662
2 16816672
2 16798712
2 16806906
2 16805297
2 16808687
2 16803210
2 16825679
2 16804996
2 16792576
2 16838370
2 16804127
2 16821086
2 16807863
2 16841455
2 16819251
2 16805298
2 16795060
2 16815767
2 16808754
2 16783563
2 16805225
2 16797966
2 16797942
2 16817655
2 16815133
2 12652891
FINISHED RECURSIVE SORTS: 2
BUILD TABLE: 4
BUILD INDEX: 9
COUNTED NEW NODES: 1
COUNTED TEMP NODES: 0
RESIZED NODES: 0
RESIZED NODES: 0
MADE NEW NODES: 1
MERGEUPDATERANK: 10
TOTAL TIME: 25
Generation 9 (2956570908 -> 2956448756 nodes, 2917424444 ranks)
ALLOCATE FROM_TABLE: 0
COUNT NUMBER IN EACH BIN: 1
FINISHED FIRST ROUND: 0
3 25295903
3 25268435
3 25226182
3 25213342
3 25231082
3 25316988
3 25214541
3 25234359
3 25232185
3 25224009
3 25216165
3 25213097
3 25231770
3 25230800
3 25268252
3 25212962
3 25244254
3 25265178
3 25215305
3 25241947
3 25247669
3 25255150
3 25240801
3 25216749
3 25250575
3 25223159
3 25208816
3 25183657
3 25202130
3 25246910
3 25219034
3 25228600
3 25261137
3 25283160
3 25249075
3 25260554
3 25284145
3 25294495
3 25249656
3 25314795
3 25296281
3 25275249
3 25277198
3 25205846
3 25208356
3 25261505
3 25292730
3 25371373
3 25216404
3 25235450
3 25232481
3 25230362
3 25220390
3 25213840
3 25226051
3 25229328
3 25223850
3 25243702
3 25226128
3 25226785
3 25256475
3 25275612
3 25288622
3 25239560
3 25214806
3 25260870
3 25184373
3 25209603
3 25240351
3 25206341
3 25226959
3 25233184
3 25196258
3 25203226
3 25211273
3 25215904
3 25199546
3 25201463
3 25215373
3 25191583
3 25206957
3 25223206
3 25198597
3 25209001
3 25235122
3 25230402
3 25214369
3 25271214
3 25201002
3 25197135
3 25210451
3 25218712
3 25230023
3 25210296
3 25212917
3 25229302
2 16834025
2 16823219
2 16815884
2 16830778
2 16807403
2 16819780
2 16816838
2 16798807
2 16806952
2 16806164
2 16808687
2 16803210
2 16825679
2 16805551
2 16792576
2 16846555
2 16805155
2 16822192
2 16807957
2 16841405
2 16820797
2 16804700
2 16795060
2 16816025
2 16809009
2 16783371
2 16805033
2 16798279
2 16798754
2 16819909
2 16825133
2 12653449
FINISHED RECURSIVE SORTS: 3
BUILD TABLE: 4
BUILD INDEX: 5
COUNTED NEW NODES: 1
COUNTED TEMP NODES: 0
RESIZED NODES: 33
RESIZED NODES: 0
MADE NEW NODES: 1
MERGEUPDATERANK: 9
TOTAL TIME: 53
Generation 10 (2956697257 -> 2956582788 nodes, 2933484897 ranks)
ALLOCATE FROM_TABLE: 0
COUNT NUMBER IN EACH BIN: 0
FINISHED FIRST ROUND: 1
3 25296138
3 25268435
3 25226034
3 25213342
3 25234974
3 25316950
3 25214541
3 25236049
3 25231966
3 25223261
3 25216188
3 25213418
3 25231401
3 25230425
3 25274802
3 25212962
3 25243917
3 25265094
3 25215305
3 25241904
3 25247669
3 25255131
3 25240783
3 25216686
3 25250575
3 25223064
3 25208816
3 25183657
3 25202130
3 25247634
3 25219034
3 25228190
3 25261869
3 25289854
3 25248694
3 25262259
3 25288656
3 25304694
3 25249472
3 25317429
3 25297417
3 25279045
3 25276646
3 25206870
3 25208356
3 25262058
3 25292563
3 25372268
3 25216360
3 25235450
3 25232481
3 25231287
3 25223658
3 25214266
3 25225946
3 25229328
3 25223850
3 25243199
3 25226128
3 25226785
3 25284008
3 25292521
3 25290196
3 25239560
3 25214806
3 25260870
3 25184373
3 25209603
3 25240291
3 25206341
3 25226959
3 25232937
3 25196258
3 25203177
3 25211273
3 25215824
3 25199546
3 25201463
3 25217323
3 25191583
3 25206957
3 25225133
3 25198597
3 25209001
3 25235104
3 25230452
3 25214369
3 25271513
3 25201094
3 25197135
3 25210451
3 25218712
3 25231047
3 25210296
3 25212917
3 25231502
2 16834322
2 16826277
2 16815884
2 16830686
2 16808823
2 16821165
2 16817350
2 16799097
2 16806687
2 16807374
2 16808687
2 16803210
2 16825679
2 16806128
2 16792576
2 16851200
2 16806739
2 16823615
2 16807936
2 16841405
2 16822521
2 16804700
2 16795060
2 16815847
2 16809009
2 16783371
2 16804585
2 16797736
2 16800290
2 16822632
2 16837359
2 12654283
FINISHED RECURSIVE SORTS: 3
BUILD TABLE: 4
BUILD INDEX: 5
COUNTED NEW NODES: 0
COUNTED TEMP NODES: 0
RESIZED NODES: 0
RESIZED NODES: 0
MADE NEW NODES: 1
MERGEUPDATERANK: 9
TOTAL TIME: 19
Generation 11 (2956794871 -> 2956703531 nodes, 2939267633 ranks)
ALLOCATE FROM_TABLE: 0
COUNT NUMBER IN EACH BIN: 1
FINISHED FIRST ROUND: 1
3 25295570
3 25268435
3 25226034
3 25213342
3 25239924
3 25316907
3 25214541
3 25238795
3 25231966
3 25223261
3 25216188
3 25213328
3 25231401
3 25230425
3 25277002
3 25212962
3 25243917
3 25265094
3 25215305
3 25241904
3 25247669
3 25255131
3 25240783
3 25216331
3 25250575
3 25223038
3 25208816
3 25183657
3 25202130
3 25247763
3 25219034
3 25228190
3 25259987
3 25293397
3 25248581
3 25262554
3 25290469
3 25307961
3 25249444
3 25318442
3 25297081
3 25279422
3 25276243
3 25207674
3 25208356
3 25263469
3 25292563
3 25372169
3 25216360
3 25235450
3 25232481
3 25233172
3 25225667
3 25215035
3 25225946
3 25229328
3 25223850
3 25243199
3 25226128
3 25226785
3 25332438
3 25309115
3 25289494
3 25239560
3 25214806
3 25260870
3 25184373
3 25209603
3 25240291
3 25206341
3 25226959
3 25232797
3 25196258
3 25203177
3 25211273
3 25215824
3 25199546
3 25201463
3 25218492
3 25191583
3 25206957
3 25227128
3 25198597
3 25209001
3 25235104
3 25230452
3 25214369
3 25271409
3 25200684
3 25197135
3 25210451
3 25218712
3 25232572
3 25210296
3 25212917
3 25232721
2 16834322
2 16826265
2 16815884
2 16828845
2 16809414
2 16821155
2 16818374
2 16799097
2 16806687
2 16810196
2 16808687
2 16803210
2 16825679
2 16805829
2 16792576
2 16851341
2 16809103
2 16823724
2 16807936
2 16841405
2 16825803
2 16804700
2 16795060
2 16815847
2 16809009
2 16783371
2 16804585
2 16797736
2 16802684
2 16828032
2 16849261
2 12654315
FINISHED RECURSIVE SORTS: 3
BUILD TABLE: 5
BUILD INDEX: 5
COUNTED NEW NODES: 0
COUNTED TEMP NODES: 0
RESIZED NODES: 33
RESIZED NODES: 0
MADE NEW NODES: 1
MERGEUPDATERANK: 8
TOTAL TIME: 52
Generation 12 (2956929270 -> 2956830302 nodes, 2941115665 ranks)
ALLOCATE FROM_TABLE: 0
COUNT NUMBER IN EACH BIN: 0
FINISHED FIRST ROUND: 1
3 25295924
3 25268435
3 25226034
3 25213342
3 25246234
3 25315464
3 25214541
3 25240843
3 25231966
3 25222851
3 25216188
3 25213126
3 25231401
3 25230425
3 25276966
3 25212962
3 25243917
3 25265094
3 25215305
3 25241904
3 25247669
3 25255131
3 25240783
3 25216331
3 25250575
3 25223038
3 25208816
3 25183657
3 25202130
3 25247763
3 25219034
3 25228190
3 25259037
3 25296335
3 25248581
3 25261229
3 25289945
3 25309498
3 25249444
3 25318999
3 25296462
3 25278017
3 25276243
3 25206638
3 25208356
3 25262976
3 25292563
3 25372169
3 25216360
3 25235450
3 25232481
3 25233458
3 25225221
3 25217083
3 25225946
3 25229328
3 25223850
3 25243199
3 25226128
3 25226785
3 25419856
3 25318527
3 25288210
3 25239560
3 25214806
3 25260870
3 25184373
3 25209603
3 25240291
3 25206341
3 25226959
3 25232797
3 25196258
3 25203177
3 25211273
3 25215824
3 25199546
3 25201463
3 25218492
3 25191583
3 25206957
3 25229859
3 25198597
3 25209001
3 25235104
3 25230452
3 25214369
3 25271409
3 25200684
3 25197135
3 25210451
3 25218712
3 25233274
3 25210296
3 25212917
3 25235863
2 16834322
2 16823229
2 16815884
2 16828845
2 16811462
2 16821155
2 16818839
2 16799097
2 16806687
2 16810917
2 16808687
2 16803210
2 16825679
2 16805829
2 16792576
2 16850533
2 16811151
2 16823724
2 16807936
2 16841405
2 16828012
2 16804700
2 16795060
2 16815847
2 16809009
2 16783371
2 16804585
2 16797736
2 16802950
2 16837785
2 16854469
2 12652902
FINISHED RECURSIVE SORTS: 3
BUILD TABLE: 4
BUILD INDEX: 5
COUNTED NEW NODES: 0
COUNTED TEMP NODES: 0
RESIZED NODES: 0
RESIZED NODES: 0
MADE NEW NODES: 1
MERGEUPDATERANK: 9
TOTAL TIME: 19
Generation 13 (2957093913 -> 2957022414 nodes, 2942123449 ranks)
ALLOCATE FROM_TABLE: 0
COUNT NUMBER IN EACH BIN: 1
FINISHED FIRST ROUND: 1
3 25295924
3 25268435
3 25226034
3 25213342
3 25247892
3 25315394
3 25214541
3 25244126
3 25231966
3 25222851
3 25216188
3 25213126
3 25231401
3 25230425
3 25274067
3 25212962
3 25243917
3 25265094
3 25215305
3 25241904
3 25247669
3 25255131
3 25240783
3 25216331
3 25250575
3 25223038
3 25208816
3 25183657
3 25202130
3 25247763
3 25219034
3 25228190
3 25259037
3 25294279
3 25248581
3 25261229
3 25288519
3 25313938
3 25249444
3 25318999
3 25296462
3 25278017
3 25276243
3 25206638
3 25208356
3 25262976
3 25292563
3 25372169
3 25216360
3 25235450
3 25232481
3 25233458
3 25225221
3 25218344
3 25225946
3 25229328
3 25223850
3 25243199
3 25226128
3 25226785
3 25580106
3 25318753
3 25288210
3 25239560
3 25214806
3 25260870
3 25184373
3 25209603
3 25240291
3 25206341
3 25226959
3 25232797
3 25196258
3 25203177
3 25211273
3 25215824
3 25199546
3 25201463
3 25218492
3 25191583
3 25206957
3 25229859
3 25198597
3 25209001
3 25235104
3 25230452
3 25214369
3 25271409
3 25200684
3 25197135
3 25210451
3 25218712
3 25233274
3 25210296
3 25212917
3 25239121
2 16834322
2 16823229
2 16815884
2 16828845
2 16813133
2 16821155
2 16818839
2 16799097
2 16806687
2 16810917
2 16808687
2 16803210
2 16825679
2 16805829
2 16792576
2 16850533
2 16812796
2 16823724
2 16807936
2 16841405
2 16833908
2 16804700
2 16795060
2 16815847
2 16809009
2 16783371
2 16804585
2 16797736
2 16802117
2 16854229
2 16853833
2 12652902
FINISHED RECURSIVE SORTS: 2
BUILD TABLE: 4
BUILD INDEX: 9
COUNTED NEW NODES: 1
COUNTED TEMP NODES: 0
RESIZED NODES: 34
RESIZED NODES: 0
MADE NEW NODES: 1
MERGEUPDATERANK: 10
TOTAL TIME: 59
Generation 14 (2957288862 -> 2957216927 nodes, 2942829024 ranks)
ALLOCATE FROM_TABLE: 0
COUNT NUMBER IN EACH BIN: 1
FINISHED FIRST ROUND: 1
3 25295924
3 25268435
3 25226034
3 25213342
3 25247892
3 25315394
3 25214541
3 25244126
3 25231966
3 25222851
3 25216188
3 25213126
3 25231401
3 25230425
3 25274067
3 25212962
3 25243917
3 25265094
3 25215305
3 25241904
3 25247669
3 25255131
3 25240783
3 25216331
3 25250575
3 25223038
3 25208816
3 25183657
3 25202130
3 25247763
3 25219034
3 25228190
3 25259037
3 25293947
3 25248581
3 25261229
3 25288519
3 25318814
3 25249444
3 25318999
3 25296462
3 25278017
3 25276243
3 25206638
3 25208356
3 25262976
3 25292563
3 25372169
3 25216360
3 25235450
3 25232481
3 25233458
3 25225221
3 25218344
3 25225946
3 25229328
3 25223850
3 25243199
3 25226128
3 25226785
3 25741517
3 25306007
3 25288210
3 25239560
3 25214806
3 25260870
3 25184373
3 25209603
3 25240291
3 25206341
3 25226959
3 25232797
3 25196258
3 25203177
3 25211273
3 25215824
3 25199546
3 25201463
3 25218492
3 25191583
3 25206957
3 25229859
3 25198597
3 25209001
3 25235104
3 25230452
3 25214369
3 25271409
3 25200684
3 25197135
3 25210451
3 25218712
3 25233274
3 25210296
3 25212917
3 25240307
2 16834322
2 16823229
2 16815884
2 16828845
2 16813133
2 16821155
2 16818839
2 16799097
2 16806687
2 16810917
2 16808687
2 16803210
2 16825679
2 16805829
2 16792576
2 16850533
2 16810795
2 16823724
2 16807936
2 16841405
2 16850292
2 16804700
2 16795060
2 16815847
2 16809009
2 16783371
2 16804585
2 16797736
2 16802117
2 16878805
2 16854992
2 12652902
FINISHED RECURSIVE SORTS: 2
BUILD TABLE: 4
BUILD INDEX: 6
COUNTED NEW NODES: 1
COUNTED TEMP NODES: 0
RESIZED NODES: 0
RESIZED NODES: 0
MADE NEW NODES: 1
MERGEUPDATERANK: 9
TOTAL TIME: 21
Generation 15 (2957526016 -> 2957439253 nodes, 2943577644 ranks)
ALLOCATE FROM_TABLE: 0
COUNT NUMBER IN EACH BIN: 0
FINISHED FIRST ROUND: 1
3 25295924
3 25268435
3 25226034
3 25213342
3 25247892
3 25315394
3 25214541
3 25244126
3 25231966
3 25222851
3 25216188
3 25213126
3 25231401
3 25230425
3 25274067
3 25212962
3 25243917
3 25265094
3 25215305
3 25241904
3 25247669
3 25255131
3 25240783
3 25216331
3 25250575
3 25223038
3 25208816
3 25183657
3 25202130
3 25247763
3 25219034
3 25228190
3 25259037
3 25293947
3 25248581
3 25261229
3 25288519
3 25318814
3 25249444
3 25318999
3 25296462
3 25278017
3 25276243
3 25206638
3 25208356
3 25262976
3 25292563
3 25372169
3 25216360
3 25235450
3 25232481
3 25233458
3 25225221
3 25218344
3 25225946
3 25229328
3 25223850
3 25243199
3 25226128
3 25226785
3 25917834
3 25296946
3 25288210
3 25239560
3 25214806
3 25260870
3 25184373
3 25209603
3 25240291
3 25206341
3 25226959
3 25232797
3 25196258
3 25203177
3 25211273
3 25215824
3 25199546
3 25201463
3 25218492
3 25191583
3 25206957
3 25229859
3 25198597
3 25209001
3 25235104
3 25230452
3 25214369
3 25271409
3 25200684
3 25197135
3 25210451
3 25218712
3 25233274
3 25210296
3 25212917
3 25240307
2 16834322
2 16823229
2 16815884
2 16828845
2 16813133
2 16821155
2 16818839
2 16799097
2 16806687
2 16810917
2 16808687
2 16803210
2 16825679
2 16805829
2 16792576
2 16850533
2 16810795
2 16823724
2 16807936
2 16841405
2 16872718
2 16804700
2 16795060
2 16815847
2 16809009
2 16783371
2 16804585
2 16797736
2 16802117
2 16911449
2 16854992
2 12652902
FINISHED RECURSIVE SORTS: 3
BUILD TABLE: 4
BUILD INDEX: 5
COUNTED NEW NODES: 1
COUNTED TEMP NODES: 0
RESIZED NODES: 31
RESIZED NODES: 0
MADE NEW NODES: 2
MERGEUPDATERANK: 8
TOTAL TIME: 51
Generation 16 (2957723742 -> 2957645520 nodes, 2944343736 ranks)
ALLOCATE FROM_TABLE: 0
COUNT NUMBER IN EACH BIN: 0
FINISHED FIRST ROUND: 1
3 25295924
3 25268435
3 25226034
3 25213342
3 25247892
3 25315394
3 25214541
3 25244126
3 25231966
3 25222851
3 25216188
3 25213126
3 25231401
3 25230425
3 25274067
3 25212962
3 25243917
3 25265094
3 25215305
3 25241904
3 25247669
3 25255131
3 25240783
3 25216331
3 25250575
3 25223038
3 25208816
3 25183657
3 25202130
3 25247763
3 25219034
3 25228190
3 25259037
3 25293947
3 25248581
3 25261229
3 25288519
3 25318814
3 25249444
3 25318999
3 25296462
3 25278017
3 25276243
3 25206638
3 25208356
3 25262976
3 25292563
3 25372169
3 25216360
3 25235450
3 25232481
3 25233458
3 25225221
3 25218344
3 25225946
3 25229328
3 25223850
3 25243199
3 25226128
3 25226785
3 26025797
3 25296946
3 25288210
3 25239560
3 25214806
3 25260870
3 25184373
3 25209603
3 25240291
3 25206341
3 25226959
3 25232797
3 25196258
3 25203177
3 25211273
3 25215824
3 25199546
3 25201463
3 25218492
3 25191583
3 25206957
3 25229859
3 25198597
3 25209001
3 25235104
3 25230452
3 25214369
3 25271409
3 25200684
3 25197135
3 25210451
3 25218712
3 25233274
3 25210296
3 25212917
3 25240307
2 16834322
2 16823229
2 16815884
2 16828845
2 16813133
2 16821155
2 16818839
2 16799097
2 16806687
2 16810917
2 16808687
2 16803210
2 16825679
2 16805829
2 16792576
2 16850533
2 16810795
2 16823724
2 16807936
2 16841405
2 16905486
2 16804700
2 16795060
2 16815847
2 16809009
2 16783371
2 16804585
2 16797736
2 16802117
2 16976985
2 16854992
2 12652902
FINISHED RECURSIVE SORTS: 3
BUILD TABLE: 4
BUILD INDEX: 5
COUNTED NEW NODES: 1
COUNTED TEMP NODES: 0
RESIZED NODES: 0
RESIZED NODES: 0
MADE NEW NODES: 1
MERGEUPDATERANK: 9
TOTAL TIME: 20
Generation 17 (2957807062 -> 2957777138 nodes, 2945078648 ranks)
ALLOCATE FROM_TABLE: 0
COUNT NUMBER IN EACH BIN: 0
FINISHED FIRST ROUND: 1
3 25295924
3 25268435
3 25226034
3 25213342
3 25247892
3 25315394
3 25214541
3 25244126
3 25231966
3 25222851
3 25216188
3 25213126
3 25231401
3 25230425
3 25274067
3 25212962
3 25243917
3 25265094
3 25215305
3 25241904
3 25247669
3 25255131
3 25240783
3 25216331
3 25250575
3 25223038
3 25208816
3 25183657
3 25202130
3 25247763
3 25219034
3 25228190
3 25259037
3 25293947
3 25248581
3 25261229
3 25288519
3 25318814
3 25249444
3 25318999
3 25296462
3 25278017
3 25276243
3 25206638
3 25208356
3 25262976
3 25292563
3 25372169
3 25216360
3 25235450
3 25232481
3 25233458
3 25225221
3 25218344
3 25225946
3 25229328
3 25223850
3 25243199
3 25226128
3 25226785
3 26025120
3 25296946
3 25288210
3 25239560
3 25214806
3 25260870
3 25184373
3 25209603
3 25240291
3 25206341
3 25226959
3 25232797
3 25196258
3 25203177
3 25211273
3 25215824
3 25199546
3 25201463
3 25218492
3 25191583
3 25206957
3 25229859
3 25198597
3 25209001
3 25235104
3 25230452
3 25214369
3 25271409
3 25200684
3 25197135
3 25210451
3 25218712
3 25233274
3 25210296
3 25212917
3 25240307
2 16834322
2 16823229
2 16815884
2 16828845
2 16813133
2 16821155
2 16818839
2 16799097
2 16806687
2 16810917
2 16808687
2 16803210
2 16825679
2 16805829
2 16792576
2 16850533
2 16810795
2 16823724
2 16807936
2 16841405
2 16971022
2 16804700
2 16795060
2 16815847
2 16809009
2 16783371
2 16804585
2 16797736
2 16802117
2 17043744
2 16854992
2 12652902
FINISHED RECURSIVE SORTS: 3
BUILD TABLE: 4
BUILD INDEX: 5
COUNTED NEW NODES: 0
COUNTED TEMP NODES: 0
RESIZED NODES: 32
RESIZED NODES: 0
MADE NEW NODES: 1
MERGEUPDATERANK: 7
TOTAL TIME: 49
Generation 18 (2958068529 -> 2958039282 nodes, 2946517135 ranks)
ALLOCATE FROM_TABLE: 0
COUNT NUMBER IN EACH BIN: 1
FINISHED FIRST ROUND: 2
3 25295924
3 25268435
3 25226034
3 25213342
3 25247892
3 25315394
3 25214541
3 25244126
3 25231966
3 25222851
3 25216188
3 25213126
3 25231401
3 25230425
3 25274067
3 25212962
3 25243917
3 25265094
3 25215305
3 25241904
3 25247669
3 25255131
3 25240783
3 25216331
3 25250575
3 25223038
3 25208816
3 25183657
3 25202130
3 25247763
3 25219034
3 25228190
3 25259037
3 25293947
3 25248581
3 25261229
3 25288519
3 25318814
3 25249444
3 25318999
3 25296462
3 25278017
3 25276243
3 25206638
3 25208356
3 25262976
3 25292563
3 25372169
3 25216360
3 25235450
3 25232481
3 25233458
3 25225221
3 25218344
3 25225946
3 25229328
3 25223850
3 25243199
3 25226128
3 25226785
3 26025120
3 25296946
3 25288210
3 25239560
3 25214806
3 25260870
3 25184373
3 25209603
3 25240291
3 25206341
3 25226959
3 25232797
3 25196258
3 25203177
3 25211273
3 25215824
3 25199546
3 25201463
3 25218492
3 25191583
3 25206957
3 25229859
3 25198597
3 25209001
3 25235104
3 25230452
3 25214369
3 25271409
3 25200684
3 25197135
3 25210451
3 25218712
3 25233274
3 25210296
3 25212917
3 25240307
2 16834322
2 16823229
2 16815884
2 16828845
2 16813133
2 16821155
2 16818839
2 16799097
2 16806687
2 16810917
2 16808687
2 16803210
2 16825679
2 16805829
2 16792576
2 16850533
2 16810795
2 16823724
2 16807936
2 16841405
2 17102094
2 16804700
2 16795060
2 16815847
2 16809009
2 16783371
2 16804585
2 16797736
2 16802117
2 17174816
2 16854992
2 12652902
FINISHED RECURSIVE SORTS: 4
BUILD TABLE: 7
BUILD INDEX: 9
COUNTED NEW NODES: 1
COUNTED TEMP NODES: 0
RESIZED NODES: 0
RESIZED NODES: 0
MADE NEW NODES: 1
MERGEUPDATERANK: 9
TOTAL TIME: 27
Generation 19 (2958592817 -> 2958563570 nodes, 2948811701 ranks)
ALLOCATE FROM_TABLE: 0
COUNT NUMBER IN EACH BIN: 1
FINISHED FIRST ROUND: 1
3 25295924
3 25268435
3 25226034
3 25213342
3 25247892
3 25315394
3 25214541
3 25244126
3 25231966
3 25222851
3 25216188
3 25213126
3 25231401
3 25230425
3 25274067
3 25212962
3 25243917
3 25265094
3 25215305
3 25241904
3 25247669
3 25255131
3 25240783
3 25216331
3 25250575
3 25223038
3 25208816
3 25183657
3 25202130
3 25247763
3 25219034
3 25228190
3 25259037
3 25293947
3 25248581
3 25261229
3 25288519
3 25318814
3 25249444
3 25318999
3 25296462
3 25278017
3 25276243
3 25206638
3 25208356
3 25262976
3 25292563
3 25372169
3 25216360
3 25235450
3 25232481
3 25233458
3 25225221
3 25218344
3 25225946
3 25229328
3 25223850
3 25243199
3 25226128
3 25226785
3 26025120
3 25296946
3 25288210
3 25239560
3 25214806
3 25260870
3 25184373
3 25209603
3 25240291
3 25206341
3 25226959
3 25232797
3 25196258
3 25203177
3 25211273
3 25215824
3 25199546
3 25201463
3 25218492
3 25191583
3 25206957
3 25229859
3 25198597
3 25209001
3 25235104
3 25230452
3 25214369
3 25271409
3 25200684
3 25197135
3 25210451
3 25218712
3 25233274
3 25210296
3 25212917
3 25240307
2 16834322
2 16823229
2 16815884
2 16828845
2 16813133
2 16821155
2 16818839
2 16799097
2 16806687
2 16810917
2 16808687
2 16803210
2 16825679
2 16805829
2 16792576
2 16850533
2 16810795
2 16823724
2 16807936
2 16841405
2 17364238
2 16804700
2 16795060
2 16815847
2 16809009
2 16783371
2 16804585
2 16797736
2 16802117
2 17436960
2 16854992
2 12652902
FINISHED RECURSIVE SORTS: 4
BUILD TABLE: 6
BUILD INDEX: 9
COUNTED NEW NODES: 0
COUNTED TEMP NODES: 0
RESIZED NODES: 33
RESIZED NODES: 0
MADE NEW NODES: 1
MERGEUPDATERANK: 8
TOTAL TIME: 57
Generation 20 (2959641393 -> 2959612146 nodes, 2953006005 ranks)
ALLOCATE FROM_TABLE: 0
COUNT NUMBER IN EACH BIN: 0
FINISHED FIRST ROUND: 1
3 25295924
3 25268435
3 25226034
3 25213342
3 25247892
3 25315394
3 25214541
3 25244126
3 25231966
3 25222851
3 25216188
3 25213126
3 25231401
3 25230425
3 25274067
3 25212962
3 25243917
3 25265094
3 25215305
3 25241904
3 25247669
3 25255131
3 25240783
3 25216331
3 25250575
3 25223038
3 25208816
3 25183657
3 25202130
3 25247763
3 25219034
3 25228190
3 25259037
3 25293947
3 25248581
3 25261229
3 25288519
3 25318814
3 25249444
3 25318999
3 25296462
3 25278017
3 25276243
3 25206638
3 25208356
3 25262976
3 25292563
3 25372169
3 25216360
3 25235450
3 25232481
3 25233458
3 25225221
3 25218344
3 25225946
3 25229328
3 25223850
3 25243199
3 25226128
3 25226785
3 26025120
3 25296946
3 25288210
3 25239560
3 25214806
3 25260870
3 25184373
3 25209603
3 25240291
3 25206341
3 25226959
3 25232797
3 25196258
3 25203177
3 25211273
3 25215824
3 25199546
3 25201463
3 25218492
3 25191583
3 25206957
3 25229859
3 25198597
3 25209001
3 25235104
3 25230452
3 25214369
3 25271409
3 25200684
3 25197135
3 25210451
3 25218712
3 25233274
3 25210296
3 25212917
3 25240307
2 16834322
2 16823229
2 16815884
2 16828845
2 16813133
2 16821155
2 16818839
2 16799097
2 16806687
2 16810917
2 16808687
2 16803210
2 16825679
2 16805829
2 16792576
2 16850533
2 16810795
2 16823724
2 16807936
2 16841405
2 17888526
2 16804700
2 16795060
2 16815847
2 16809009
2 16783371
2 16804585
2 16797736
2 16802117
2 17961248
2 16854992
2 12652902
FINISHED RECURSIVE SORTS: 4
BUILD TABLE: 5
BUILD INDEX: 9
COUNTED NEW NODES: 0
COUNTED TEMP NODES: 0
RESIZED NODES: 39
RESIZED NODES: 0
MADE NEW NODES: 1
MERGEUPDATERANK: 9
TOTAL TIME: 63
Generation 21 (2961738545 -> 2961709298 nodes, 2960987162 ranks)
ALLOCATE FROM_TABLE: 0
COUNT NUMBER IN EACH BIN: 1
FINISHED FIRST ROUND: 1
3 25295924
3 25268435
3 25226034
3 25213342
3 25247892
3 25315394
3 25214541
3 25244126
3 25231966
3 25222851
3 25216188
3 25213126
3 25231401
3 25230425
3 25274067
3 25212962
3 25243917
3 25265094
3 25215305
3 25241904
3 25247669
3 25255131
3 25240783
3 25216331
3 25250575
3 25223038
3 25208816
3 25183657
3 25202130
3 25247763
3 25219034
3 25228190
3 25259037
3 25293947
3 25248581
3 25261229
3 25288519
3 25318814
3 25249444
3 25318999
3 25296462
3 25278017
3 25276243
3 25206638
3 25208356
3 25262976
3 25292563
3 25372169
3 25216360
3 25235450
3 25232481
3 25233458
3 25225221
3 25218344
3 25225946
3 25229328
3 25223850
3 25243199
3 25226128
3 25226785
3 26025120
3 25296946
3 25288210
3 25239560
3 25214806
3 25260870
3 25184373
3 25209603
3 25240291
3 25206341
3 25226959
3 25232797
3 25196258
3 25203177
3 25211273
3 25215824
3 25199546
3 25201463
3 25218492
3 25191583
3 25206957
3 25229859
3 25198597
3 25209001
3 25235104
3 25230452
3 25214369
3 25271409
3 25200684
3 25197135
3 25210451
3 25218712
3 25233274
3 25210296
3 25212917
3 25240307
2 16834322
2 16823229
3 25229418
2 16816684
2 16822197
2 16817377
2 16809357
2 16806167
2 16808626
2 16812615
2 16796003
2 16813418
2 16829712
2 16794287
2 16828534
2 16826921
2 16808898
2 16814375
2 16814788
2 18975719
2 16805160
2 16791562
2 16822374
2 16798327
2 16797870
2 16793559
2 16801332
2 16806025
2 16837410
2 18963913
2 16850740
1 4258808
FINISHED RECURSIVE SORTS: 4
BUILD TABLE: 6
BUILD INDEX: 9
COUNTED NEW NODES: 0
COUNTED TEMP NODES: 0
RESIZED NODES: 31
RESIZED NODES: 0
MADE NEW NODES: 2
MERGEUPDATERANK: 8
TOTAL TIME: 56
Generation 22 (2962399929 -> 2962370682 nodes, 2962370682 ranks)
COUNT NUMBER IN EACH BIN: 4
FINISHED FIRST ROUND: 1
3 25295924
3 25268435
3 25226034
3 25213342
3 25247892
3 25315394
3 25214541
3 25244126
3 25231966
3 25222851
3 25216188
3 25213126
3 25231401
3 25230425
3 25274067
3 25212962
3 25243917
3 25265094
3 25215305
3 25241904
3 25247669
3 25255131
3 25240783
3 25216331
3 25250575
3 25223038
3 25208816
3 25183657
3 25202130
3 25247763
3 25219034
3 25228190
3 25259037
3 25293947
3 25248581
3 25261229
3 25288519
3 25318814
3 25249444
3 25318999
3 25296462
3 25278017
3 25276243
3 25206638
3 25208356
3 25262976
3 25292563
3 25372169
3 25216360
3 25235450
3 25232481
3 25233458
3 25225221
3 25218344
3 25225946
3 25229328
3 25223850
3 25243199
3 25226128
3 25226785
3 26025120
3 25296946
3 25288210
3 25239560
3 25214806
3 25260870
3 25184373
3 25209603
3 25240291
3 25206341
3 25226959
3 25232797
3 25196258
3 25203177
3 25211273
3 25215824
3 25199546
3 25201463
3 25218492
3 25191583
3 25206957
3 25229859
3 25198597
3 25209001
3 25235104
3 25230452
3 25214369
3 25271409
3 25200684
3 25197135
3 25210451
3 25218712
3 25233274
3 25210296
3 25212917
3 25240307
3 25254532
2 16803295
2 16829142
2 16816684
2 16822197
2 16817377
2 16809357
2 16806167
2 16808626
2 16812615
2 16796003
2 16813418
2 16829712
2 16794287
2 16828534
2 16826921
2 16808898
2 16814375
2 16814788
2 19298590
2 16805160
2 16791562
2 16822374
2 16798327
2 16797870
2 16793559
2 16801332
2 16806025
2 16837410
2 19302426
2 16850740
1 4258808
FINISHED RECURSIVE SORTS: 3
Generating edges... 
NODE.TO -> GENOME POS: 26
BUILD FROM_INDEX 5
COUNTED NEW EDGES: 3
MADE NEW EDGES: 34
COUNT NUMBER IN EACH BIN: 0
FINISHED FIRST ROUND: 0
2 8855902
3 9640295
3 8968003
3 9859891
3 9926451
3 9162823
3 8789552
2 7094298
2 6888768
2 7025446
2 7000774
2 7002509
3 8895426
3 8646048
3 7080206
3 7331173
3 7445987
4 8222309
3 7601299
3 7712098
4 8546693
3 9658327
3 8233510
3 7756944
3 7489747
3 8606319
3 8058402
3 7558081
3 8426477
3 7581935
3 7584245
3 7312734
3 7130696
3 7402552
3 6867047
3 7369116
2 7193002
3 9497481
2 6476182
2 6384301
3 7945852
3 9555538
2 6456255
2 6331430
3 8876132
3 8877306
3 8299863
3 7068906
2 6245963
3 8817727
2 6525481
3 8213042
3 8367567
3 8163183
3 8704463
3 7509703
3 7610357
3 8906112
3 7918804
3 7759422
3 8197761
3 7995468
3 8375112
3 8460733
3 7052305
3 7606601
3 7537636
3 7701748
3 6672258
3 6752810
3 5990916
2 5628989
3 9244171
2 5702880
3 7965629
3 7035661
3 6626118
3 7144428
3 6502469
3 7141274
3 5827962
3 6797718
3 6057260
3 6240003
3 6042952
3 6457970
3 6518368
3 6650250
3 5769675
3 6600368
3 6355780
3 6111638
3 5050841
3 6745805
3 7003970
3 6883507
3 6192044
3 5670314
3 5441280
4 6084104
3 6534729
3 5549865
3 5573518
3 6342811
3 5724125
2 4603404
3 6312349
3 5775627
2 4206952
3 5627999
3 5296972
2 4292648
2 4706580
2 4171760
2 4300775
2 4087443
2 3984085
2 3963345
2 4405046
2 4230337
2 3836168
2 3967163
2 3717840
2 3428908
2 3812941
2 3769220
2 3233480
3 2339285
FINISHED RECURSIVE SORTS: 1
COUNT NUMBER IN EACH BIN: 0
FINISHED FIRST ROUND: 0
0 0
0 0
0 0
0 0
0 0
0 0
0 0
0 0
0 0
0 0
0 0
0 0
0 0
0 0
0 0
0 0
0 0
0 0
0 0
0 0
0 0
0 0
0 0
0 0
0 0
0 0
0 0
0 0
0 0
0 0
0 0
0 0
0 0
0 0
0 0
0 0
0 0
0 0
0 0
0 0
0 0
0 0
0 0
0 0
0 0
0 0
0 0
0 0
0 0
0 0
0 0
0 0
0 0
0 0
0 0
0 0
0 0
0 0
0 0
0 0
0 0
0 0
0 0
0 0
0 0
0 0
0 0
0 0
0 0
0 0
0 0
0 0
0 0
0 0
0 0
0 0
0 0
0 0
0 0
0 0
0 0
0 0
0 0
0 0
0 0
0 0
0 0
0 0
0 0
0 0
0 0
0 0
0 0
0 0
0 0
0 0
0 0
0 0
0 0
0 0
0 0
0 0
0 0
0 0
0 0
0 0
0 0
0 0
0 0
0 0
0 0
0 0
0 0
0 0
0 0
0 0
0 0
0 0
0 0
0 0
0 0
0 0
0 0
0 0
0 0
0 0
0 0
0 0
FINISHED RECURSIVE SORTS: 0
COUNT NUMBER IN EACH BIN: 0
FINISHED FIRST ROUND: 0
4 5709546
3 5455654
3 5081327
3 5388862
3 5932326
3 5970529
3 5075974
4 6371077
3 5000475
3 5654225
3 4806535
3 6060462
3 6238215
3 6414534
3 6740914
2 4926887
3 5233719
3 5491473
3 6035662
4 5759946
3 5128507
4 5220332
4 5887212
3 5076944
3 5198878
4 5729052
3 5090388
3 4573171
4 5679844
4 5784757
3 4905111
4 5633808
3 6219844
2 4838725
3 6327014
2 4669302
2 5212240
3 6286616
3 6709037
3 5880992
3 6528113
2 4632339
2 4589568
3 5692121
2 4327510
3 5937165
3 6068539
3 5956604
2 4592981
3 6231750
3 5876080
2 5202929
2 4242117
3 6616665
3 5868914
2 4993611
3 6224754
3 5689800
3 6032438
3 4451682
3 4491451
3 4704688
3 4768453
3 5257661
3 5430330
3 5384736
3 5541750
3 5322171
3 3952807
3 4384160
3 4543460
3 4387706
3 4214819
3 4185617
3 5296758
3 4371307
3 4731196
2 4025257
2 4006798
3 5442291
3 5997785
3 4817425
3 5090226
2 4603732
3 5109423
3 4864619
3 3831932
3 4396739
3 4589599
3 5196706
3 4012160
3 4149387
3 4578419
2 3573707
3 4105906
3 5273473
3 5431688
2 3909528
3 4429705
2 3163076
2 3218389
3 3608857
3 4315219
2 3250401
3 3924964
2 3426274
3 3740716
2 3019266
2 3756293
2 3398943
3 4298830
3 4178061
2 3130152
2 2872170
2 3038833
2 3254449
2 2996749
2 2966591
2 3027415
2 2967348
2 3198034
2 3338821
2 3032409
2 2725495
2 2520986
2 2459155
2 2202209
2 631724
FINISHED RECURSIVE SORTS: 1
COUNT NUMBER IN EACH BIN: 0
FINISHED FIRST ROUND: 0
4 12535118
4 14301999
4 13143233
4 13192909
4 13772094
4 13482713
4 12847333
4 13262649
3 11550662
3 11589464
3 11770711
4 15020629
3 11925577
3 11987356
3 12181233
3 12211905
3 13254526
3 11385796
3 12560843
3 13886788
3 12594856
3 11716815
3 11752146
3 13238137
3 12066906
3 12810146
3 13515203
3 13217625
3 14138837
3 13127862
3 13313090
3 12142486
4 11230004
4 12310664
4 12804882
4 12016751
4 12992569
4 12719595
4 14397729
3 11306583
4 13406973
4 13851834
4 13542999
4 14397147
4 13526869
3 11994244
4 13295180
4 13705422
3 11003102
3 11178553
3 11593661
3 12548202
3 12435263
3 13481426
3 12483061
3 12639608
3 11807226
3 13630131
3 12823823
3 13475305
3 13275414
3 10958237
3 12302629
3 14046184
3 14462256
3 13502387
3 13600459
3 13433134
3 14162257
3 12391950
3 13667322
3 12929253
3 14306832
3 13618805
3 12439385
3 13416417
3 14704015
2 10014637
3 14476106
3 14203013
2 9614516
2 10162375
2 10220318
3 13552180
2 9238819
3 13474309
2 9736182
2 10336621
2 9445060
2 9731676
2 9624716
2 10098335
2 9502673
2 9533825
2 9967963
2 10847245
2 9836784
2 9812669
2 9459348
2 10216195
2 9449338
2 9490615
2 10433278
2 9821630
2 9124209
2 9490016
2 10243063
2 10310027
2 9683809
2 8907026
2 9692035
2 9718804
2 9190407
2 9825580
2 9709452
2 9382841
2 9908437
2 9595485
2 9581196
2 10126590
2 10474331
2 10361005
1 5419150
1 5488543
1 5636501
1 5919211
1 6915206
1 1158506
FINISHED RECURSIVE SORTS: 2
SORTED NEW EDGES: 31
COUNT NUMBER IN EACH BIN: 0
FINISHED FIRST ROUND: 1
3 25165824
3 25165824
3 25165824
3 25165824
3 25165824
3 25165824
3 25165824
3 25165824
3 25165824
3 25165824
3 25165824
3 25165824
3 25165824
3 25165824
3 25165824
3 25165824
3 25165824
3 25165824
3 25165824
3 25165824
3 25165824
3 25165824
3 25165824
3 25165824
3 25165824
3 25165824
3 25165824
3 25165824
3 25165824
3 25165824
3 25165824
3 25165824
3 25165824
3 25165824
3 25165824
3 25165824
3 25165824
3 25165824
3 25165824
3 25165824
3 25165824
3 25165824
3 25165824
3 25165824
3 25165824
3 25165824
3 25165824
3 25165824
3 25165824
3 25165824
3 25165824
3 25165824
3 25165824
3 25165824
3 25165824
3 25165824
3 25165824
3 25165824
3 25165824
3 25165824
3 25165824
3 25165824
3 25165824
3 25165824
3 25165824
3 25165824
3 25165824
3 25165824
3 25165824
3 25165824
3 25165824
3 25165824
3 25165824
3 25165824
3 25165824
3 25165824
3 25165824
3 25165824
3 25165824
3 25165824
3 25165824
3 25165824
3 25165824
3 25165824
3 25165824
3 25165824
3 25165824
3 25165824
3 25165824
3 25165824
3 25165824
3 25165824
3 25165824
3 25165824
3 25165824
3 25165824
3 25165824
3 25165824
2 16777216
2 16777216
2 16777216
2 16777216
2 16777216
2 16777216
2 16777216
2 16777216
2 16777216
2 16777216
2 16777216
2 16777216
2 16777216
2 16777216
2 16777216
2 16777216
2 16777216
2 16777216
2 16777216
2 16777216
2 16777216
2 16777216
2 16777216
2 16777216
2 16777216
2 16777216
2 16777216
2 16777216
2 16777216
2 9580666
FINISHED RECURSIVE SORTS: 4
RE-SORTED NODES: 45
PROCESS EDGES: 13
REMOVE Y: 3
COUNT NUMBER IN EACH BIN: 1
FINISHED FIRST ROUND: 0
3 25166110
3 25166223
3 25166473
3 25166199
3 25166646
3 25167957
3 25166820
3 25166260
3 25166322
3 25166355
3 25166654
3 25168222
3 25170838
3 25174024
3 25176340
3 25179117
3 25172102
3 25170245
3 25170728
3 25170310
3 25166510
3 25168349
3 25166850
3 25166994
3 25167160
3 25167046
3 25166998
3 25167923
3 25167672
3 25168087
3 25168029
3 25172980
3 25169944
3 25169993
3 25169475
3 25167905
3 25168176
3 25168256
3 25168313
3 25168812
3 25169537
3 25169399
3 25169610
3 25169823
3 25169205
3 25170534
3 25171205
3 25171135
3 25167670
3 25168409
3 25168386
3 25168209
3 25168384
3 25167708
3 25168388
3 25168669
3 25168688
3 25168761
3 25168487
3 25166428
3 25166651
3 25166898
3 25166607
3 25169222
3 25175998
3 25177619
3 25171415
3 25169124
3 25167641
3 25167263
3 25167592
3 25168505
3 25168594
3 25171720
3 25170804
3 25166643
3 25166825
3 25166898
3 25166871
3 25167143
3 25167093
3 25167163
3 25166891
3 25167137
3 25167027
3 25167413
3 25167415
3 25171074
3 25171339
3 25168721
3 25168400
3 25168753
3 25170387
3 25169298
3 25169699
3 25170495
3 25170813
3 25169872
2 16779149
2 16778659
2 16779295
2 16781630
2 16779528
2 16779104
2 16779918
2 16780612
2 16782627
2 16784275
2 16784248
2 16782962
2 16780046
2 16780561
2 16780488
2 16779599
2 16780260
2 16781716
2 16781231
2 16779610
2 16780997
2 16780030
2 16781056
2 16780123
2 16780234
2 16780461
2 16780341
2 16779940
2 16779739
2 9581238
FINISHED RECURSIVE SORTS: 2
SORT, Make index: 53
TOTAL: 213
Allocating ftab, absorbFtab
Entering GFM loop
Exited GFM loop
fchr[A]: 0
fchr[C]: 874068306
fchr[G]: 874068306
fchr[T]: 1481291506
fchr[$]: 2962766751
Exiting GFM::buildToDisk()
Returning from initFromVector
Wrote 1827464087 bytes to primary GFM file: results/index/hisat3n/hisat3n.3n.CT.1.ht2
Wrote 740592676 bytes to secondary GFM file: results/index/hisat3n/hisat3n.3n.CT.2.ht2
Re-opening _in1 and _in2 as input streams
Returning from GFM constructor
Warning: a local graph exploded (offset: 2405786226, length: 57344)
Returning from initFromVector
Wrote 1758488401 bytes to primary GFM file: results/index/hisat3n/hisat3n.3n.CT.5.ht2
Wrote 751230252 bytes to secondary GFM file: results/index/hisat3n/hisat3n.3n.CT.6.ht2
Re-opening _in5 and _in5 as input streams
Returning from HGFM constructor
Headers:
    len: 2948627755
    gbwtLen: 2962766752
    nodes: 2962370681
    sz: 1474313878
    gbwtSz: 1481383377
    lineRate: 7
    offRate: 4
    offMask: 0xfffffff0
    ftabChars: 10
    eftabLen: 0
    eftabSz: 0
    ftabLen: 1048577
    ftabSz: 4194308
    offsLen: 185148168
    offsSz: 740592672
    lineSz: 128
    sideSz: 128
    sideGbwtSz: 104
    sideGbwtLen: 208
    numSides: 14244071
    numLines: 14244071
    gbwtTotLen: 1823241088
    gbwtTotSz: 1823241088
    reverse: 0
    linearFM: No
Reading reference sizes
  Time reading reference sizes: 00:00:37
Calculating joined length
Writing header
Reserving space for joined string
Joining reference sequences
  Time to join reference sequences: 00:00:11
  Time to read SNPs and splice sites: 00:00:02
Generation 0 (2949059741 -> 2949059741 nodes, 0 ranks)
COUNTED NEW NODES: 1
COUNTED TEMP NODES: 0
RESIZED NODES: 31
RESIZED NODES: 0
MADE NEW NODES: 1
Generation 1 (2949451123 -> 2949451123 nodes, 0 ranks)
COUNTED NEW NODES: 0
COUNTED TEMP NODES: 0
RESIZED NODES: 34
RESIZED NODES: 0
MADE NEW NODES: 1
Generation 2 (2950234553 -> 2950234553 nodes, 0 ranks)
COUNTED NEW NODES: 1
COUNTED TEMP NODES: 0
RESIZED NODES: 32
RESIZED NODES: 0
MADE NEW NODES: 1
Generation 3 (2951802582 -> 2951802582 nodes, 0 ranks)
BUILT FROM_INDEX: 6
COUNTED NEW NODES: 0
COUNTED TEMP NODES: 0
RESIZED NODES: 34
RESIZED NODES: 0
MADE NEW NODES: 1
RESIZE NODES: 67
COUNT NUMBER IN EACH BIN: 0
FINISHED FIRST ROUND: 1
1 483776058
1 147740743
2 194426882
5 117210812
1 68694505
2 88666758
13 192753620
1 66981024
2 117103757
37 130635874
1 51371040
2 61908951
5 61756232
1 38272620
2 52168071
13 97251572
1 49782089
2 59661160
101 211564233
1 75467705
2 120479096
5 64952818
1 45246735
2 65887641
13 117478535
1 59304087
2 114401355
0 0
0 0
0 0
0 0
0 0
0 0
0 0
0 0
0 0
0 0
0 0
0 0
0 0
0 0
0 0
0 0
0 0
0 0
0 0
0 0
0 0
0 0
0 0
0 0
0 0
0 0
0 0
0 0
0 0
0 0
0 0
0 0
0 0
0 0
0 0
0 0
0 0
0 0
0 0
0 0
0 0
0 0
0 0
0 0
0 0
0 0
0 0
0 0
0 0
0 0
0 0
0 0
0 0
0 0
0 0
0 0
0 0
0 0
0 0
0 0
0 0
0 0
0 0
0 0
0 0
0 0
0 0
0 0
0 0
0 0
0 0
0 0
0 0
0 0
0 0
0 0
0 0
0 0
0 0
0 0
0 0
0 0
0 0
0 0
0 0
0 0
0 0
0 0
0 0
0 0
0 0
0 0
0 0
0 0
0 0
0 0
0 0
0 0
18 1
43 1
85 1
FINISHED RECURSIVE SORTS: 38
SORT NODES: 39
MERGE, UPDATE RANK: 18
Generation 4 (2954943976 -> 2954943640 nodes, 42893281 ranks)
ALLOCATE FROM_TABLE: 51
COUNT NUMBER IN EACH BIN: 0
FINISHED FIRST ROUND: 1
3 25260838
3 25258221
3 25218387
3 25207337
3 25212280
3 25266183
3 25209005
3 25222034
3 25221932
3 25212520
3 25205201
3 25202068
3 25220016
3 25224467
3 25246620
3 25208124
3 25231980
3 25253528
3 25208029
3 25234995
3 25233031
3 25240176
3 25230517
3 25209594
3 25241726
3 25215362
3 25201620
3 25181227
3 25199234
3 25226726
3 25213281
3 25221460
3 25228057
3 25245799
3 25237260
3 25243059
3 25250302
3 25240894
3 25237377
3 25286972
3 25264881
3 25246453
3 25264627
3 25199266
3 25202676
3 25243181
3 25273641
3 25337824
3 25210057
3 25227210
3 25224167
3 25212872
3 25203681
3 25203246
3 25215558
3 25221335
3 25218885
3 25234348
3 25218211
3 25221736
3 25207422
3 25228304
3 25262077
3 25231910
3 25208991
3 25249764
3 25180472
3 25204687
3 25231263
3 25201856
3 25219838
3 25223452
3 25191825
3 25197045
3 25205874
3 25207294
3 25193583
3 25197124
3 25202452
3 25187931
3 25201231
3 25208617
3 25193849
3 25203865
3 25227988
3 25219515
3 25207040
3 25256754
3 25191831
3 25193513
3 25205234
3 25211168
3 25219180
3 25204989
3 25203322
3 25202518
2 16825126
2 16808544
2 16810039
2 16818765
2 16801269
2 16810613
2 16812065
2 16796380
2 16801837
2 16799205
2 16804917
2 16799789
2 16821159
2 16801099
2 16791076
2 16806604
2 16796626
2 16813927
2 16804877
2 16834379
2 16813405
2 16799184
2 16792669
2 16808872
2 16803377
2 16782332
2 16801757
2 16794191
2 16793542
2 16807714
2 16795304
2 12657925
FINISHED RECURSIVE SORTS: 4
BUILD TABLE: 5
BUILD INDEX: 9
COUNTED NEW NODES: 15
COUNTED TEMP NODES: 0
RESIZED NODES: 33
RESIZED NODES: 0
MADE NEW NODES: 29
MERGEUPDATERANK: 116
TOTAL TIME: 258
Generation 5 (2961272634 -> 2955650351 nodes, 2401491651 ranks)
ALLOCATE FROM_TABLE: 0
COUNT NUMBER IN EACH BIN: 0
FINISHED FIRST ROUND: 1
3 25271668
3 25266443
3 25224202
3 25211824
3 25218158
3 25280344
3 25213703
3 25227866
3 25228157
3 25217770
3 25210885
3 25206461
3 25226362
3 25229127
3 25254342
3 25212066
3 25239258
3 25261568
3 25213425
3 25241575
3 25241609
3 25249970
3 25237994
3 25214462
3 25248458
3 25220799
3 25206448
3 25182605
3 25202272
3 25234698
3 25218846
3 25226742
3 25236966
3 25256636
3 25244797
3 25250956
3 25259692
3 25250565
3 25244076
3 25298732
3 25276856
3 25256830
3 25272072
3 25203239
3 25207020
3 25250468
3 25286774
3 25359732
3 25213867
3 25232567
3 25230668
3 25219969
3 25208937
3 25207828
3 25222192
3 25227210
3 25223520
3 25241720
3 25224256
3 25226298
3 25214662
3 25236513
3 25272061
3 25237835
3 25213374
3 25255845
3 25183173
3 25208306
3 25237441
3 25205825
3 25225498
3 25229582
3 25195038
3 25200770
3 25209954
3 25212683
3 25197283
3 25200083
3 25206752
3 25190607
3 25204915
3 25214389
3 25196939
3 25208072
3 25233319
3 25225239
3 25211993
3 25265306
3 25195075
3 25195629
3 25209732
3 25215852
3 25224742
3 25209306
3 25208097
3 25209646
2 16831378
2 16813098
2 16813661
2 16823027
2 16804346
2 16814609
2 16815869
2 16798311
2 16805479
2 16802483
2 16808274
2 16802306
2 16823362
2 16803766
2 16792502
2 16813051
2 16799989
2 16818423
2 16807653
2 16839592
2 16816357
2 16802315
2 16794306
2 16812098
2 16807012
2 16782894
2 16804423
2 16796346
2 16796098
2 16811992
2 16800566
2 12658679
FINISHED RECURSIVE SORTS: 3
BUILD TABLE: 4
BUILD INDEX: 5
COUNTED NEW NODES: 1
COUNTED TEMP NODES: 0
RESIZED NODES: 33
RESIZED NODES: 0
MADE NEW NODES: 3
MERGEUPDATERANK: 24
TOTAL TIME: 70
Generation 6 (2956292026 -> 2955935330 nodes, 2719125752 ranks)
ALLOCATE FROM_TABLE: 0
COUNT NUMBER IN EACH BIN: 0
FINISHED FIRST ROUND: 1
3 25278575
3 25268778
3 25225694
3 25212692
3 25221555
3 25290337
3 25214461
3 25229847
3 25230431
3 25220181
3 25213551
3 25208965
3 25228854
3 25230121
3 25257181
3 25212540
3 25242389
3 25263905
3 25214927
3 25242424
3 25244951
3 25254241
3 25239624
3 25215325
3 25250529
3 25222645
3 25207971
3 25182825
3 25202777
3 25238314
3 25219708
3 25228176
3 25242800
3 25262705
3 25247251
3 25254963
3 25265817
3 25258111
3 25246667
3 25304692
3 25283347
3 25262023
3 25274683
3 25204572
3 25208386
3 25253479
3 25291427
3 25368970
3 25214952
3 25233886
3 25232525
3 25224290
3 25211541
3 25209655
3 25225195
3 25228649
3 25224301
3 25243799
3 25226400
3 25227094
3 25220314
3 25243000
3 25277642
3 25239285
3 25214804
3 25258218
3 25184069
3 25208839
3 25239605
3 25206689
3 25226973
3 25231863
3 25195781
3 25202055
3 25210937
3 25214778
3 25198466
3 25200846
3 25208783
3 25191308
3 25205643
3 25216429
3 25197757
3 25209084
3 25234448
3 25227504
3 25213190
3 25268148
3 25196679
3 25196235
3 25210562
3 25217376
3 25226923
3 25210440
3 25210533
3 25215266
2 16833976
2 16815101
2 16814937
2 16824980
2 16805262
2 16816404
2 16816605
2 16798592
2 16806352
2 16803655
2 16809103
2 16803122
2 16824052
2 16804694
2 16792685
2 16819818
2 16801716
2 16819665
2 16808048
2 16841290
2 16817497
2 16803700
2 16794602
2 16813843
2 16808748
2 16783278
2 16804913
2 16797127
2 16797004
2 16814125
2 16803889
2 12659401
FINISHED RECURSIVE SORTS: 3
BUILD TABLE: 4
BUILD INDEX: 5
COUNTED NEW NODES: 1
COUNTED TEMP NODES: 0
RESIZED NODES: 0
RESIZED NODES: 0
MADE NEW NODES: 1
MERGEUPDATERANK: 20
TOTAL TIME: 31
Generation 7 (2956352435 -> 2956133501 nodes, 2849166776 ranks)
ALLOCATE FROM_TABLE: 0
COUNT NUMBER IN EACH BIN: 1
FINISHED FIRST ROUND: 0
3 25285340
3 25269564
3 25226141
3 25213011
3 25225370
3 25299662
3 25214520
3 25231112
3 25232062
3 25222022
3 25215438
3 25210907
3 25230555
3 25230758
3 25259881
3 25212680
3 25243965
3 25264917
3 25215197
3 25242851
3 25246260
3 25256359
3 25239958
3 25215686
3 25251072
3 25223785
3 25208453
3 25182857
3 25202840
3 25241356
3 25219902
3 25228676
3 25248447
3 25268759
3 25248068
3 25257885
3 25272294
3 25268365
3 25248424
3 25308770
3 25287721
3 25265997
3 25276607
3 25204821
3 25208539
3 25255419
3 25292721
3 25372527
3 25215473
3 25234445
3 25233183
3 25227981
3 25213708
3 25210914
3 25227002
3 25228941
3 25224633
3 25245081
3 25227015
3 25227291
3 25227825
3 25251211
3 25283369
3 25239839
3 25215824
3 25258891
3 25184340
3 25209005
3 25239884
3 25206967
3 25227292
3 25232499
3 25196367
3 25202479
3 25211094
3 25215985
3 25199217
3 25201346
3 25210535
3 25191601
3 25206126
3 25218617
3 25197834
3 25209217
3 25234614
3 25228701
3 25213790
3 25269687
3 25198064
3 25196375
3 25210652
3 25217978
3 25228344
3 25210483
3 25211826
3 25220432
2 16835769
2 16816888
2 16815580
2 16826417
2 16805665
2 16818183
2 16816733
2 16798770
2 16806728
2 16804216
2 16809223
2 16803458
2 16824117
2 16805358
2 16792720
2 16827630
2 16803350
2 16820097
2 16808017
2 16841772
2 16818591
2 16804913
2 16794665
2 16814438
2 16809109
2 16783438
2 16804948
2 16797811
2 16797543
2 16815883
2 16808529
2 12660444
FINISHED RECURSIVE SORTS: 3
BUILD TABLE: 4
BUILD INDEX: 5
COUNTED NEW NODES: 1
COUNTED TEMP NODES: 0
RESIZED NODES: 31
RESIZED NODES: 0
MADE NEW NODES: 2
MERGEUPDATERANK: 11
TOTAL TIME: 54
Generation 8 (2956433810 -> 2956303468 nodes, 2891959154 ranks)
ALLOCATE FROM_TABLE: 0
COUNT NUMBER IN EACH BIN: 1
FINISHED FIRST ROUND: 2
3 25292393
3 25269533
3 25226299
3 25213168
3 25229615
3 25309976
3 25214437
3 25232087
3 25233105
3 25223004
3 25216573
3 25212882
3 25231409
3 25230894
3 25263249
3 25212610
3 25244366
3 25264794
3 25215193
3 25243505
3 25246265
3 25256665
3 25239948
3 25216078
3 25251380
3 25224199
3 25208316
3 25182857
3 25202840
3 25244764
3 25219847
3 25229162
3 25255116
3 25275617
3 25248086
3 25259612
3 25278229
3 25282644
3 25249772
3 25312009
3 25290795
3 25269583
3 25278166
3 25204553
3 25208374
3 25258242
3 25293201
3 25373640
3 25215421
3 25234301
3 25233293
3 25229895
3 25216209
3 25211387
3 25227392
3 25229184
3 25224747
3 25245825
3 25226677
3 25227180
3 25239556
3 25261511
3 25288312
3 25240064
3 25215892
3 25258870
3 25184163
3 25209039
3 25240088
3 25206826
3 25227344
3 25232804
3 25196794
3 25202540
3 25210824
3 25216509
3 25199442
3 25201320
3 25212366
3 25191505
3 25206414
3 25222174
3 25197719
3 25209162
3 25234714
3 25229006
3 25214112
3 25270578
3 25199138
3 25196344
3 25210495
3 25218097
3 25229589
3 25210576
3 25212424
3 25225488
2 16836568
2 16818810
2 16815450
2 16827684
2 16805693
2 16819364
2 16816864
2 16799015
2 16806703
2 16804923
2 16809281
2 16803695
2 16824101
2 16805692
2 16792720
2 16836265
2 16804544
2 16820791
2 16808084
2 16841667
2 16819620
2 16805527
2 16794483
2 16814746
2 16809361
2 16783551
2 16805027
2 16798282
2 16797820
2 16817273
2 16815669
2 12661833
FINISHED RECURSIVE SORTS: 4
BUILD TABLE: 7
BUILD INDEX: 9
COUNTED NEW NODES: 1
COUNTED TEMP NODES: 0
RESIZED NODES: 0
RESIZED NODES: 0
MADE NEW NODES: 2
MERGEUPDATERANK: 9
TOTAL TIME: 28
Generation 9 (2956586018 -> 2956467612 nodes, 2917353962 ranks)
ALLOCATE FROM_TABLE: 0
COUNT NUMBER IN EACH BIN: 1
FINISHED FIRST ROUND: 1
3 25298104
3 25269514
3 25226102
3 25213070
3 25232242
3 25315687
3 25214437
3 25233512
3 25232994
3 25223377
3 25217069
3 25214195
3 25231728
3 25230219
3 25266939
3 25212610
3 25243687
3 25264700
3 25215122
3 25243660
3 25246435
3 25255894
3 25240119
3 25216475
3 25251366
3 25224046
3 25208304
3 25182857
3 25202838
3 25247542
3 25219847
3 25229012
3 25262246
3 25282681
3 25247993
3 25261344
3 25284278
3 25300702
3 25250456
3 25315029
3 25293852
3 25273613
3 25279034
3 25204443
3 25208364
3 25260602
3 25292691
3 25374642
3 25215198
3 25234216
3 25233195
3 25230932
3 25218523
3 25211740
3 25227120
3 25228823
3 25224588
3 25246546
3 25226640
3 25227180
3 25257080
3 25276646
3 25291599
3 25240350
3 25215676
3 25258853
3 25184161
3 25209039
3 25240344
3 25206811
3 25227416
3 25233227
3 25196716
3 25202395
3 25210737
3 25216677
3 25199365
3 25201011
3 25214031
3 25191449
3 25206417
3 25226436
3 25197719
3 25209158
3 25234664
3 25229051
3 25214219
3 25271313
3 25200452
3 25196344
3 25210292
3 25218049
3 25230141
3 25210591
3 25212686
3 25231205
2 16836063
2 16821693
2 16815306
2 16829558
2 16805747
2 16820405
2 16817120
2 16799311
2 16806577
2 16805898
2 16809278
2 16803708
2 16824070
2 16806286
2 16792720
2 16842880
2 16806437
2 16821587
2 16808260
2 16841667
2 16822278
2 16804870
2 16794483
2 16814966
2 16809282
2 16783501
2 16804992
2 16798597
2 16798587
2 16819036
2 16826383
2 12663372
FINISHED RECURSIVE SORTS: 4
BUILD TABLE: 6
BUILD INDEX: 9
COUNTED NEW NODES: 0
COUNTED TEMP NODES: 0
RESIZED NODES: 33
RESIZED NODES: 0
MADE NEW NODES: 1
MERGEUPDATERANK: 8
TOTAL TIME: 57
Generation 10 (2956722889 -> 2956603527 nodes, 2933358247 ranks)
ALLOCATE FROM_TABLE: 0
COUNT NUMBER IN EACH BIN: 1
FINISHED FIRST ROUND: 1
3 25298530
3 25269514
3 25225988
3 25213070
3 25233510
3 25318269
3 25214437
3 25234384
3 25232857
3 25223171
3 25217435
3 25214373
3 25231699
3 25230067
3 25272332
3 25212610
3 25243404
3 25264700
3 25215122
3 25243660
3 25246055
3 25255894
3 25240119
3 25216189
3 25251321
3 25223918
3 25208304
3 25182857
3 25202838
3 25248057
3 25219847
3 25228598
3 25262338
3 25286984
3 25247993
3 25261227
3 25288274
3 25314158
3 25250683
3 25317128
3 25294590
3 25276303
3 25279689
3 25204443
3 25208364
3 25262492
3 25292578
3 25375127
3 25215198
3 25234216
3 25233195
3 25231480
3 25220897
3 25211740
3 25226824
3 25228651
3 25224588
3 25246323
3 25226640
3 25227180
3 25286677
3 25295561
3 25292021
3 25240427
3 25215676
3 25258853
3 25184161
3 25209039
3 25240205
3 25206811
3 25227416
3 25233807
3 25196512
3 25202395
3 25210737
3 25216463
3 25199365
3 25201011
3 25215538
3 25191449
3 25206417
3 25228343
3 25197719
3 25209158
3 25234664
3 25228685
3 25214219
3 25272725
3 25200416
3 25196344
3 25210292
3 25218049
3 25231083
3 25210591
3 25212693
3 25234694
2 16835967
2 16821943
2 16815306
2 16831051
2 16805747
2 16820629
2 16817632
2 16799275
2 16806577
2 16807108
2 16809278
2 16803708
2 16824070
2 16807310
2 16792720
2 16846247
2 16808825
2 16822877
2 16808239
2 16841356
2 16826999
2 16804870
2 16794483
2 16814877
2 16809282
2 16783501
2 16804992
2 16798021
2 16800123
2 16821764
2 16840930
2 12665172
FINISHED RECURSIVE SORTS: 4
BUILD TABLE: 6
BUILD INDEX: 11
COUNTED NEW NODES: 0
COUNTED TEMP NODES: 0
RESIZED NODES: 0
RESIZED NODES: 0
MADE NEW NODES: 1
MERGEUPDATERANK: 9
TOTAL TIME: 27
Generation 11 (2956835464 -> 2956723103 nodes, 2939199358 ranks)
ALLOCATE FROM_TABLE: 0
COUNT NUMBER IN EACH BIN: 1
FINISHED FIRST ROUND: 1
3 25297276
3 25269514
3 25225988
3 25213070
3 25236656
3 25319241
3 25214437
3 25236357
3 25232857
3 25222375
3 25218057
3 25214663
3 25231699
3 25230067
3 25275259
3 25212610
3 25243404
3 25264700
3 25215122
3 25243660
3 25246055
3 25255894
3 25240119
3 25215929
3 25251321
3 25223918
3 25208304
3 25182857
3 25202838
3 25247926
3 25219847
3 25228598
3 25262226
3 25287940
3 25247971
3 25262533
3 25288936
3 25320546
3 25250767
3 25318905
3 25292019
3 25276496
3 25279097
3 25204443
3 25208364
3 25262915
3 25292578
3 25374929
3 25215198
3 25234216
3 25233195
3 25231814
3 25221397
3 25211484
3 25226824
3 25228651
3 25224588
3 25246323
3 25226640
3 25227180
3 25337649
3 25313285
3 25291378
3 25240427
3 25215676
3 25258853
3 25184161
3 25209039
3 25240195
3 25206811
3 25227416
3 25233196
3 25196512
3 25202395
3 25210737
3 25216463
3 25199365
3 25201011
3 25215290
3 25191449
3 25206417
3 25228680
3 25197719
3 25209158
3 25234664
3 25228685
3 25214219
3 25273121
3 25200066
3 25196344
3 25210292
3 25218049
3 25232107
3 25210591
3 25212693
3 25238796
2 16835967
2 16819885
2 16815306
2 16829983
2 16805747
2 16820676
2 16818656
2 16799275
2 16806577
2 16810082
2 16809278
2 16803708
2 16824070
2 16808093
2 16792720
2 16846149
2 16810814
2 16822916
2 16808239
2 16841356
2 16832022
2 16804870
2 16794483
2 16814794
2 16809282
2 16783501
2 16804992
2 16798021
2 16801989
2 16827046
2 16855327
2 12665577
FINISHED RECURSIVE SORTS: 4
BUILD TABLE: 6
BUILD INDEX: 10
COUNTED NEW NODES: 0
COUNTED TEMP NODES: 0
RESIZED NODES: 32
RESIZED NODES: 0
MADE NEW NODES: 1
MERGEUPDATERANK: 9
TOTAL TIME: 58
Generation 12 (2956944161 -> 2956840915 nodes, 2941067959 ranks)
ALLOCATE FROM_TABLE: 0
COUNT NUMBER IN EACH BIN: 1
FINISHED FIRST ROUND: 1
3 25296485
3 25269514
3 25225988
3 25213070
3 25235505
3 25318699
3 25214437
3 25238405
3 25232857
3 25221938
3 25218057
3 25214663
3 25231699
3 25230067
3 25273992
3 25212610
3 25243404
3 25264700
3 25215122
3 25243660
3 25246055
3 25255894
3 25240119
3 25215929
3 25251321
3 25223918
3 25208304
3 25182857
3 25202838
3 25247926
3 25219847
3 25228598
3 25258872
3 25283391
3 25247971
3 25262212
3 25286370
3 25324519
3 25250767
3 25318535
3 25291661
3 25275814
3 25279097
3 25204443
3 25208364
3 25262302
3 25292578
3 25374929
3 25215198
3 25234216
3 25233195
3 25232045
3 25221438
3 25211484
3 25226824
3 25228651
3 25224588
3 25246323
3 25226640
3 25227180
3 25425881
3 25324940
3 25290918
3 25240427
3 25215676
3 25258853
3 25184161
3 25209039
3 25240195
3 25206811
3 25227416
3 25233196
3 25196512
3 25202395
3 25210737
3 25216463
3 25199365
3 25201011
3 25215290
3 25191449
3 25206417
3 25230634
3 25197719
3 25209158
3 25234664
3 25228685
3 25214219
3 25273121
3 25200066
3 25196344
3 25210292
3 25218049
3 25232526
3 25210591
3 25212693
3 25244484
2 16835967
2 16819729
2 16815306
2 16829904
2 16805747
2 16820676
2 16819121
2 16799275
2 16806577
2 16810435
2 16809278
2 16803708
2 16824070
2 16808093
2 16792720
2 16844156
2 16812862
2 16822916
2 16808239
2 16841356
2 16835244
2 16804870
2 16794483
2 16814794
2 16809282
2 16783501
2 16804992
2 16798021
2 16802255
2 16836791
2 16862316
2 12665749
FINISHED RECURSIVE SORTS: 2
BUILD TABLE: 4
BUILD INDEX: 5
COUNTED NEW NODES: 2
COUNTED TEMP NODES: 0
RESIZED NODES: 0
RESIZED NODES: 0
MADE NEW NODES: 2
MERGEUPDATERANK: 9
TOTAL TIME: 22
Generation 13 (2957107321 -> 2957025408 nodes, 2942080527 ranks)
ALLOCATE FROM_TABLE: 0
COUNT NUMBER IN EACH BIN: 1
FINISHED FIRST ROUND: 1
3 25296485
3 25269514
3 25225988
3 25213070
3 25234631
3 25318425
3 25214437
3 25241034
3 25232857
3 25221938
3 25218057
3 25214663
3 25231699
3 25230067
3 25273310
3 25212610
3 25243404
3 25264700
3 25215122
3 25243660
3 25246055
3 25255894
3 25240119
3 25215929
3 25251321
3 25223918
3 25208304
3 25182857
3 25202838
3 25247926
3 25219847
3 25228598
3 25258872
3 25282957
3 25247971
3 25262212
3 25285536
3 25321412
3 25250767
3 25317495
3 25291661
3 25273929
3 25279097
3 25204443
3 25208364
3 25262302
3 25292578
3 25374929
3 25215198
3 25234216
3 25233195
3 25232045
3 25221438
3 25211484
3 25226824
3 25228651
3 25224588
3 25246323
3 25226640
3 25227180
3 25585794
3 25327817
3 25290918
3 25240427
3 25215676
3 25258853
3 25184161
3 25209039
3 25240195
3 25206811
3 25227416
3 25233196
3 25196512
3 25202395
3 25210737
3 25216463
3 25199365
3 25201011
3 25215290
3 25191449
3 25206417
3 25230689
3 25197719
3 25209158
3 25234664
3 25228685
3 25214219
3 25273121
3 25200066
3 25196344
3 25210292
3 25218049
3 25232526
3 25210591
3 25212693
3 25251861
2 16835967
2 16819729
2 16815306
2 16829904
2 16805747
2 16820676
2 16819121
2 16799275
2 16806577
2 16810435
2 16809278
2 16803708
2 16824070
2 16808093
2 16792720
2 16844156
2 16814507
2 16822916
2 16808239
2 16841356
2 16842028
2 16804870
2 16794483
2 16814794
2 16809282
2 16783501
2 16804992
2 16798021
2 16801422
2 16854667
2 16857616
2 12665749
FINISHED RECURSIVE SORTS: 2
BUILD TABLE: 4
BUILD INDEX: 6
COUNTED NEW NODES: 0
COUNTED TEMP NODES: 0
RESIZED NODES: 33
RESIZED NODES: 0
MADE NEW NODES: 1
MERGEUPDATERANK: 8
TOTAL TIME: 52
Generation 14 (2957290704 -> 2957220943 nodes, 2942809147 ranks)
ALLOCATE FROM_TABLE: 0
COUNT NUMBER IN EACH BIN: 1
FINISHED FIRST ROUND: 1
3 25296485
3 25269514
3 25225988
3 25213070
3 25234631
3 25318425
3 25214437
3 25241034
3 25232857
3 25221938
3 25218057
3 25214663
3 25231699
3 25230067
3 25273310
3 25212610
3 25243404
3 25264700
3 25215122
3 25243660
3 25246055
3 25255894
3 25240119
3 25215929
3 25251321
3 25223918
3 25208304
3 25182857
3 25202838
3 25247926
3 25219847
3 25228598
3 25258872
3 25282957
3 25247971
3 25262212
3 25285536
3 25321412
3 25250767
3 25317495
3 25291661
3 25273929
3 25279097
3 25204443
3 25208364
3 25262302
3 25292578
3 25374929
3 25215198
3 25234216
3 25233195
3 25232045
3 25221438
3 25211484
3 25226824
3 25228651
3 25224588
3 25246323
3 25226640
3 25227180
3 25747102
3 25315555
3 25290918
3 25240427
3 25215676
3 25258853
3 25184161
3 25209039
3 25240195
3 25206811
3 25227416
3 25233196
3 25196512
3 25202395
3 25210737
3 25216463
3 25199365
3 25201011
3 25215290
3 25191449
3 25206417
3 25230689
3 25197719
3 25209158
3 25234664
3 25228685
3 25214219
3 25273121
3 25200066
3 25196344
3 25210292
3 25218049
3 25232526
3 25210591
3 25212693
3 25254233
2 16835967
2 16819729
2 16815306
2 16829904
2 16805747
2 16820676
2 16816626
2 16799275
2 16806577
2 16810435
2 16809278
2 16803708
2 16824070
2 16808093
2 16792720
2 16844156
2 16812506
2 16822916
2 16808239
2 16841356
2 16858412
2 16804870
2 16794483
2 16814794
2 16809282
2 16783501
2 16804992
2 16798021
2 16801422
2 16887435
2 16857077
2 12665749
FINISHED RECURSIVE SORTS: 2
BUILD TABLE: 4
BUILD INDEX: 5
COUNTED NEW NODES: 1
COUNTED TEMP NODES: 0
RESIZED NODES: 0
RESIZED NODES: 0
MADE NEW NODES: 1
MERGEUPDATERANK: 8
TOTAL TIME: 19
Generation 15 (2957552522 -> 2957491562 nodes, 2943615922 ranks)
ALLOCATE FROM_TABLE: 0
COUNT NUMBER IN EACH BIN: 1
FINISHED FIRST ROUND: 1
3 25296485
3 25269514
3 25225988
3 25213070
3 25234631
3 25318425
3 25214437
3 25241034
3 25232857
3 25221938
3 25218057
3 25214663
3 25231699
3 25230067
3 25270396
3 25212610
3 25243404
3 25264700
3 25215122
3 25243660
3 25246055
3 25255894
3 25240119
3 25215929
3 25251321
3 25223918
3 25208304
3 25182857
3 25202838
3 25247926
3 25219847
3 25228598
3 25258872
3 25282957
3 25247971
3 25262212
3 25285536
3 25315704
3 25250767
3 25317495
3 25291661
3 25273929
3 25279097
3 25204443
3 25208364
3 25262302
3 25292578
3 25374929
3 25215198
3 25234216
3 25233195
3 25232045
3 25221438
3 25211484
3 25226824
3 25228651
3 25224588
3 25246323
3 25226640
3 25227180
3 25953086
3 25309616
3 25290918
3 25240427
3 25215676
3 25258853
3 25184161
3 25209039
3 25240195
3 25206811
3 25227416
3 25233196
3 25196512
3 25202395
3 25210737
3 25216463
3 25199365
3 25201011
3 25215290
3 25191449
3 25206417
3 25230689
3 25197719
3 25209158
3 25234664
3 25228685
3 25214219
3 25273121
3 25200066
3 25196344
3 25210292
3 25218049
3 25232526
3 25210591
3 25212693
3 25252330
2 16835967
2 16819729
2 16815306
2 16829904
2 16805747
2 16820676
2 16816626
2 16799275
2 16806577
2 16810435
2 16809278
2 16803708
2 16824070
2 16808093
2 16792720
2 16844156
2 16812506
2 16822916
2 16808239
2 16841356
2 16891180
2 16804870
2 16794483
2 16814794
2 16809282
2 16783501
2 16804992
2 16798021
2 16801422
2 16935766
2 16857077
2 12665749
FINISHED RECURSIVE SORTS: 3
BUILD TABLE: 5
BUILD INDEX: 5
COUNTED NEW NODES: 1
COUNTED TEMP NODES: 0
RESIZED NODES: 30
RESIZED NODES: 0
MADE NEW NODES: 1
MERGEUPDATERANK: 9
TOTAL TIME: 51
Generation 16 (2957923950 -> 2957883502 nodes, 2944581722 ranks)
ALLOCATE FROM_TABLE: 0
COUNT NUMBER IN EACH BIN: 0
FINISHED FIRST ROUND: 1
3 25296485
3 25269514
3 25225988
3 25213070
3 25234631
3 25318425
3 25214437
3 25241034
3 25232857
3 25221938
3 25218057
3 25214663
3 25231699
3 25230067
3 25270396
3 25212610
3 25243404
3 25264700
3 25215122
3 25243660
3 25246055
3 25255894
3 25240119
3 25215929
3 25251321
3 25223918
3 25208304
3 25182857
3 25202838
3 25247926
3 25219847
3 25228598
3 25258872
3 25282957
3 25247971
3 25262212
3 25285536
3 25315704
3 25250767
3 25317495
3 25291661
3 25273929
3 25279097
3 25204443
3 25208364
3 25262302
3 25292578
3 25374929
3 25215198
3 25234216
3 25233195
3 25232045
3 25221438
3 25211484
3 25226824
3 25228651
3 25224588
3 25246323
3 25226640
3 25227180
3 26181186
3 25309616
3 25290918
3 25240427
3 25215676
3 25258853
3 25184161
3 25209039
3 25240195
3 25206811
3 25227416
3 25233196
3 25196512
3 25202395
3 25210737
3 25216463
3 25199365
3 25201011
3 25215290
3 25191449
3 25206417
3 25230689
3 25197719
3 25209158
3 25234664
3 25228685
3 25214219
3 25273121
3 25200066
3 25196344
3 25210292
3 25218049
3 25232526
3 25210591
3 25212693
3 25252330
2 16835967
2 16819729
2 16815306
2 16829904
2 16805747
2 16820676
2 16816626
2 16799275
2 16806577
2 16810435
2 16809278
2 16803708
2 16824070
2 16808093
2 16792720
2 16844156
2 16812506
2 16822916
2 16808239
2 16841356
2 16956716
2 16804870
2 16794483
2 16814794
2 16809282
2 16783501
2 16804992
2 16798021
2 16801422
2 17034070
2 16857077
2 12665749
FINISHED RECURSIVE SORTS: 3
BUILD TABLE: 4
BUILD INDEX: 5
COUNTED NEW NODES: 0
COUNTED TEMP NODES: 0
RESIZED NODES: 0
RESIZED NODES: 0
MADE NEW NODES: 1
MERGEUPDATERANK: 9
TOTAL TIME: 19
Generation 17 (2958147607 -> 2958146865 nodes, 2945448380 ranks)
ALLOCATE FROM_TABLE: 0
COUNT NUMBER IN EACH BIN: 1
FINISHED FIRST ROUND: 1
3 25296485
3 25269514
3 25225988
3 25213070
3 25234631
3 25318425
3 25214437
3 25241034
3 25232857
3 25221938
3 25218057
3 25214663
3 25231699
3 25230067
3 25270396
3 25212610
3 25243404
3 25264700
3 25215122
3 25243660
3 25246055
3 25255894
3 25240119
3 25215929
3 25251321
3 25223918
3 25208304
3 25182857
3 25202838
3 25247926
3 25219847
3 25228598
3 25258872
3 25282957
3 25247971
3 25262212
3 25285536
3 25315704
3 25250767
3 25317495
3 25291661
3 25273929
3 25279097
3 25204443
3 25208364
3 25262302
3 25292578
3 25374929
3 25215198
3 25234216
3 25233195
3 25232045
3 25221438
3 25211484
3 25226824
3 25228651
3 25224588
3 25246323
3 25226640
3 25227180
3 26181186
3 25309616
3 25290918
3 25240427
3 25215676
3 25258853
3 25184161
3 25209039
3 25240195
3 25206811
3 25227416
3 25233196
3 25196512
3 25202395
3 25210737
3 25216463
3 25199365
3 25201011
3 25215290
3 25191449
3 25206417
3 25230689
3 25197719
3 25209158
3 25234664
3 25228685
3 25214219
3 25273121
3 25200066
3 25196344
3 25210292
3 25218049
3 25232526
3 25210591
3 25212693
3 25252330
2 16835967
2 16819729
2 16815306
2 16829904
2 16805747
2 16820676
2 16816626
2 16799275
2 16806577
2 16810435
2 16809278
2 16803708
2 16824070
2 16808093
2 16792720
2 16844156
2 16812506
2 16822916
2 16808239
2 16841356
2 17087788
2 16804870
2 16794483
2 16814794
2 16809282
2 16783501
2 16804992
2 16798021
2 16801422
2 17166361
2 16857077
2 12665749
FINISHED RECURSIVE SORTS: 3
BUILD TABLE: 5
BUILD INDEX: 5
COUNTED NEW NODES: 0
COUNTED TEMP NODES: 0
RESIZED NODES: 31
RESIZED NODES: 0
MADE NEW NODES: 1
MERGEUPDATERANK: 7
TOTAL TIME: 49
Generation 18 (2958671219 -> 2958671153 nodes, 2947149011 ranks)
ALLOCATE FROM_TABLE: 0
COUNT NUMBER IN EACH BIN: 0
FINISHED FIRST ROUND: 1
3 25296485
3 25269514
3 25225988
3 25213070
3 25234631
3 25318425
3 25214437
3 25241034
3 25232857
3 25221938
3 25218057
3 25214663
3 25231699
3 25230067
3 25270396
3 25212610
3 25243404
3 25264700
3 25215122
3 25243660
3 25246055
3 25255894
3 25240119
3 25215929
3 25251321
3 25223918
3 25208304
3 25182857
3 25202838
3 25247926
3 25219847
3 25228598
3 25258872
3 25282957
3 25247971
3 25262212
3 25285536
3 25315704
3 25250767
3 25317495
3 25291661
3 25273929
3 25279097
3 25204443
3 25208364
3 25262302
3 25292578
3 25374929
3 25215198
3 25234216
3 25233195
3 25232045
3 25221438
3 25211484
3 25226824
3 25228651
3 25224588
3 25246323
3 25226640
3 25227180
3 26181186
3 25309616
3 25290918
3 25240427
3 25215676
3 25258853
3 25184161
3 25209039
3 25240195
3 25206811
3 25227416
3 25233196
3 25196512
3 25202395
3 25210737
3 25216463
3 25199365
3 25201011
3 25215290
3 25191449
3 25206417
3 25230689
3 25197719
3 25209158
3 25234664
3 25228685
3 25214219
3 25273121
3 25200066
3 25196344
3 25210292
3 25218049
3 25232526
3 25210591
3 25212693
3 25252330
2 16835967
2 16819729
2 16815306
2 16829904
2 16805747
2 16820676
2 16816626
2 16799275
2 16806577
2 16810435
2 16809278
2 16803708
2 16824070
2 16808093
2 16792720
2 16844156
2 16812506
2 16822916
2 16808239
2 16841356
2 17349932
2 16804870
2 16794483
2 16814794
2 16809282
2 16783501
2 16804992
2 16798021
2 16801422
2 17428505
2 16857077
2 12665749
FINISHED RECURSIVE SORTS: 3
BUILD TABLE: 4
BUILD INDEX: 5
COUNTED NEW NODES: 1
COUNTED TEMP NODES: 0
RESIZED NODES: 0
RESIZED NODES: 0
MADE NEW NODES: 1
MERGEUPDATERANK: 9
TOTAL TIME: 20
Generation 19 (2959719795 -> 2959719729 nodes, 2949967857 ranks)
ALLOCATE FROM_TABLE: 0
COUNT NUMBER IN EACH BIN: 1
FINISHED FIRST ROUND: 0
3 25296485
3 25269514
3 25225988
3 25213070
3 25234631
3 25318425
3 25214437
3 25241034
3 25232857
3 25221938
3 25218057
3 25214663
3 25231699
3 25230067
3 25270396
3 25212610
3 25243404
3 25264700
3 25215122
3 25243660
3 25246055
3 25255894
3 25240119
3 25215929
3 25251321
3 25223918
3 25208304
3 25182857
3 25202838
3 25247926
3 25219847
3 25228598
3 25258872
3 25282957
3 25247971
3 25262212
3 25285536
3 25315704
3 25250767
3 25317495
3 25291661
3 25273929
3 25279097
3 25204443
3 25208364
3 25262302
3 25292578
3 25374929
3 25215198
3 25234216
3 25233195
3 25232045
3 25221438
3 25211484
3 25226824
3 25228651
3 25224588
3 25246323
3 25226640
3 25227180
3 26181186
3 25309616
3 25290918
3 25240427
3 25215676
3 25258853
3 25184161
3 25209039
3 25240195
3 25206811
3 25227416
3 25233196
3 25196512
3 25202395
3 25210737
3 25216463
3 25199365
3 25201011
3 25215290
3 25191449
3 25206417
3 25230689
3 25197719
3 25209158
3 25234664
3 25228685
3 25214219
3 25273121
3 25200066
3 25196344
3 25210292
3 25218049
3 25232526
3 25210591
3 25212693
3 25252330
2 16835967
2 16819729
2 16815306
2 16829904
2 16805747
2 16820676
2 16816626
2 16799275
2 16806577
2 16810435
2 16809278
2 16803708
2 16824070
2 16808093
2 16792720
2 16844156
2 16812506
2 16822916
2 16808239
2 16841356
2 17874220
2 16804870
2 16794483
2 16814794
2 16809282
2 16783501
2 16804992
2 16798021
2 16801422
2 17952793
2 16857077
2 12665749
FINISHED RECURSIVE SORTS: 3
BUILD TABLE: 4
BUILD INDEX: 5
COUNTED NEW NODES: 1
COUNTED TEMP NODES: 0
RESIZED NODES: 31
RESIZED NODES: 0
MADE NEW NODES: 1
MERGEUPDATERANK: 8
TOTAL TIME: 50
Generation 20 (2961816947 -> 2961816881 nodes, 2955210737 ranks)
ALLOCATE FROM_TABLE: 0
COUNT NUMBER IN EACH BIN: 0
FINISHED FIRST ROUND: 1
3 25296485
3 25269514
3 25225988
3 25213070
3 25234631
3 25318425
3 25214437
3 25241034
3 25232857
3 25221938
3 25218057
3 25214663
3 25231699
3 25230067
3 25270396
3 25212610
3 25243404
3 25264700
3 25215122
3 25243660
3 25246055
3 25255894
3 25240119
3 25215929
3 25251321
3 25223918
3 25208304
3 25182857
3 25202838
3 25247926
3 25219847
3 25228598
3 25258872
3 25282957
3 25247971
3 25262212
3 25285536
3 25315704
3 25250767
3 25317495
3 25291661
3 25273929
3 25279097
3 25204443
3 25208364
3 25262302
3 25292578
3 25374929
3 25215198
3 25234216
3 25233195
3 25232045
3 25221438
3 25211484
3 25226824
3 25228651
3 25224588
3 25246323
3 25226640
3 25227180
3 26181186
3 25309616
3 25290918
3 25240427
3 25215676
3 25258853
3 25184161
3 25209039
3 25240195
3 25206811
3 25227416
3 25233196
3 25196512
3 25202395
3 25210737
3 25216463
3 25199365
3 25201011
3 25215290
3 25191449
3 25206417
3 25230689
3 25197719
3 25209158
3 25234664
3 25228685
3 25214219
3 25273121
3 25200066
3 25196344
3 25210292
3 25218049
3 25232526
3 25210591
3 25212693
3 25252330
2 16835967
2 16819729
3 25229244
2 16817303
2 16814195
2 16814852
2 16809805
2 16806582
2 16807378
2 16813623
2 16795940
2 16813919
2 16830589
2 16794412
2 16827035
2 16823280
2 16808336
2 16814768
2 16814798
2 18954147
2 16812226
2 16791472
2 16820656
2 16799439
2 16797267
2 16794191
2 16801445
2 16805595
2 16835806
2 18958232
2 16855865
1 4267544
FINISHED RECURSIVE SORTS: 3
BUILD TABLE: 4
BUILD INDEX: 5
COUNTED NEW NODES: 1
COUNTED TEMP NODES: 0
RESIZED NODES: 34
RESIZED NODES: 0
MADE NEW NODES: 1
MERGEUPDATERANK: 8
TOTAL TIME: 53
Generation 21 (2966011251 -> 2966011185 nodes, 2965289042 ranks)
ALLOCATE FROM_TABLE: 0
COUNT NUMBER IN EACH BIN: 0
FINISHED FIRST ROUND: 1
3 25296485
3 25269514
3 25225988
3 25213070
3 25234631
3 25318425
3 25214437
3 25241034
3 25232857
3 25221938
3 25218057
3 25214663
3 25231699
3 25230067
3 25270396
3 25212610
3 25243404
3 25264700
3 25215122
3 25243660
3 25246055
3 25255894
3 25240119
3 25215929
3 25251321
3 25223918
3 25208304
3 25182857
3 25202838
3 25247926
3 25219847
3 25228598
3 25258872
3 25282957
3 25247971
3 25262212
3 25285536
3 25315704
3 25250767
3 25317495
3 25291661
3 25273929
3 25279097
3 25204443
3 25208364
3 25262302
3 25292578
3 25374929
3 25215198
3 25234216
3 25233195
3 25232045
3 25221438
3 25211484
3 25226824
3 25228651
3 25224588
3 25246323
3 25226640
3 25227180
3 26181186
3 25309616
3 25290918
3 25240427
3 25215676
3 25258853
3 25184161
3 25209039
3 25240195
3 25206811
3 25227416
3 25233196
3 25196512
3 25202395
3 25210737
3 25216463
3 25199365
3 25201011
3 25215290
3 25191449
3 25206417
3 25230689
3 25197719
3 25209158
3 25234664
3 25228685
3 25214219
3 25273121
3 25200066
3 25196344
3 25210292
3 25218049
3 25232526
3 25210591
3 25212693
3 25252330
3 25253158
2 16803012
2 16828770
2 16817303
2 16814195
2 16814852
2 16809805
2 16806582
2 16807378
2 16813623
2 16795940
2 16813919
2 16830589
2 16794412
2 16827035
2 16823280
2 16808336
2 16814768
2 16814798
2 21051299
2 16812226
2 16791472
2 16820656
2 16799439
2 16797267
2 16794191
2 16801445
2 16805595
2 16835806
2 21055384
2 16855865
1 4267544
FINISHED RECURSIVE SORTS: 3
BUILD TABLE: 4
BUILD INDEX: 5
COUNTED NEW NODES: 1
COUNTED TEMP NODES: 0
RESIZED NODES: 31
RESIZED NODES: 0
MADE NEW NODES: 2
MERGEUPDATERANK: 9
TOTAL TIME: 52
Generation 22 (2967369951 -> 2967369885 nodes, 2967369885 ranks)
COUNT NUMBER IN EACH BIN: 1
FINISHED FIRST ROUND: 1
3 25296485
3 25269514
3 25225988
3 25213070
3 25234631
3 25318425
3 25214437
3 25241034
3 25232857
3 25221938
3 25218057
3 25214663
3 25231699
3 25230067
3 25270396
3 25212610
3 25243404
3 25264700
3 25215122
3 25243660
3 25246055
3 25255894
3 25240119
3 25215929
3 25251321
3 25223918
3 25208304
3 25182857
3 25202838
3 25247926
3 25219847
3 25228598
3 25258872
3 25282957
3 25247971
3 25262212
3 25285536
3 25315704
3 25250767
3 25317495
3 25291661
3 25273929
3 25279097
3 25204443
3 25208364
3 25262302
3 25292578
3 25374929
3 25215198
3 25234216
3 25233195
3 25232045
3 25221438
3 25211484
3 25226824
3 25228651
3 25224588
3 25246323
3 25226640
3 25227180
3 26181186
3 25309616
3 25290918
3 25240427
3 25215676
3 25258853
3 25184161
3 25209039
3 25240195
3 25206811
3 25227416
3 25233196
3 25196512
3 25202395
3 25210737
3 25216463
3 25199365
3 25201011
3 25215290
3 25191449
3 25206417
3 25230689
3 25197719
3 25209158
3 25234664
3 25228685
3 25214219
3 25273121
3 25200066
3 25196344
3 25210292
3 25218049
3 25232526
3 25210591
3 25212693
3 25252330
3 25253158
2 16803012
2 16828770
2 16817303
2 16814195
2 16814852
2 16809805
2 16806582
2 16807378
2 16813623
2 16795940
2 16813919
2 16830589
2 16794412
2 16827035
2 16823280
2 16808336
2 16814768
2 16814798
2 21719456
2 16812226
2 16791472
2 16820656
2 16799439
2 16797267
2 16794191
2 16801445
2 16805595
2 16835806
2 21745927
2 16855865
1 4267544
FINISHED RECURSIVE SORTS: 3
Generating edges... 
NODE.TO -> GENOME POS: 5
BUILD FROM_INDEX 5
COUNTED NEW EDGES: 0
MADE NEW EDGES: 29
COUNT NUMBER IN EACH BIN: 0
FINISHED FIRST ROUND: 1
2 13157290
3 16644418
3 15602645
3 14652687
3 14937215
3 14603814
3 14237374
3 14721892
3 14003295
3 14662365
3 13543282
3 14481385
3 14788484
3 14378403
3 14711565
3 15026579
3 14513710
3 14516664
3 15390618
3 15103108
3 15212896
3 14524822
3 14733368
3 13467858
3 13732758
3 14490173
3 14814588
3 14695166
3 14969302
3 15105163
3 13680616
3 15334756
3 13972171
3 14384128
3 14147877
3 12939568
3 13079341
3 13291019
3 13916478
3 13101284
3 13387415
3 14073964
3 13726846
3 12784382
3 14337274
3 14296501
3 14462784
3 13138603
3 13426518
3 13208653
3 11091377
3 12763928
3 13575655
3 12840165
3 12685830
3 13030865
3 12392418
3 12266195
3 11617305
3 12467160
3 12440998
3 12094832
3 11578877
3 12349648
3 12857711
3 11098724
3 11807710
3 12414310
3 11565324
3 11044372
3 11410200
3 11209674
3 10870507
3 11744052
3 12068369
3 12280356
3 10800656
3 11551522
3 10562519
3 10127111
3 9492980
3 11205158
3 10621844
3 11255154
3 11544512
3 11487861
3 11471328
2 8431665
3 12303875
3 11568240
2 8849880
2 8963219
2 8093040
3 11193743
3 11467017
3 10480555
2 7669547
3 11859647
2 9755980
2 7820562
2 8091732
2 7711194
2 7437395
3 9066865
3 10395137
3 9601432
3 8881454
3 9435799
3 10291520
3 9422788
3 9455072
2 7157077
2 6762069
2 7509504
2 6799405
2 6847290
2 6811587
2 6556416
2 6126737
2 6283744
2 6725318
2 6952127
2 7065102
2 7222399
2 7029244
2 7397281
1 3403595
1 1058590
FINISHED RECURSIVE SORTS: 1
COUNT NUMBER IN EACH BIN: 0
FINISHED FIRST ROUND: 0
5 4740850
4 5178893
4 5149952
4 5512273
4 5573992
4 5680291
4 5333035
4 5814139
4 5240062
4 6035945
4 5648868
4 5332516
4 5367065
4 4892014
4 4995157
4 5932685
4 6206673
3 4712200
4 5824851
4 5147756
4 5037240
4 4769047
4 5073745
5 5793169
4 5008771
4 5704698
3 5582409
3 5186827
4 5876507
3 5844991
3 4857267
4 5480535
4 6169252
3 4499332
4 4862088
4 5179612
4 5299297
4 5758973
4 5242909
4 5282595
3 4464195
3 4872367
4 5151643
4 5853428
3 4621872
4 5591846
3 5632779
2 4646713
2 4762801
3 6627100
2 5266174
3 5254421
3 5910042
2 5449146
3 5952079
3 6073572
2 4387420
3 7050174
2 5481858
2 4495607
3 5795385
3 6070315
3 5499524
3 5442447
3 6044714
2 5320135
3 6082308
2 4190047
3 6093121
2 4815647
2 4688023
2 4043078
3 6136018
3 5543539
3 5643731
2 4300986
2 4260653
2 4857832
2 4367436
2 3841300
2 3950362
2 4125557
2 4306438
3 4936535
3 5210121
2 4783570
2 4174790
2 4671592
2 4996364
2 4322869
2 4006406
2 4262512
3 4616326
2 4335503
3 5101535
3 5766953
2 5555608
2 4540836
2 4566981
2 4924713
2 5499322
2 5095841
2 4316586
2 4579506
2 4146501
2 3944562
2 3286572
2 3876786
2 3677348
2 3221154
2 3571959
2 2928961
2 2869658
2 3784132
2 4532394
2 3893315
2 3726826
2 3279427
1 1806940
1 1720614
2 3256927
1 1873769
1 1655062
1 1488759
1 1609409
1 1674886
1 1378860
1 614954
FINISHED RECURSIVE SORTS: 1
COUNT NUMBER IN EACH BIN: 0
FINISHED FIRST ROUND: 0
0 0
0 0
0 0
0 0
0 0
0 0
0 0
0 0
0 0
0 0
0 0
0 0
0 0
0 0
0 0
0 0
0 0
0 0
0 0
0 0
0 0
0 0
0 0
0 0
0 0
0 0
0 0
0 0
0 0
0 0
0 0
0 0
0 0
0 0
0 0
0 0
0 0
0 0
0 0
0 0
0 0
0 0
0 0
0 0
0 0
0 0
0 0
0 0
0 0
0 0
0 0
0 0
0 0
0 0
0 0
0 0
0 0
0 0
0 0
0 0
0 0
0 0
0 0
0 0
0 0
0 0
0 0
0 0
0 0
0 0
0 0
0 0
0 0
0 0
0 0
0 0
0 0
0 0
0 0
0 0
0 0
0 0
0 0
0 0
0 0
0 0
0 0
0 0
0 0
0 0
0 0
0 0
0 0
0 0
0 0
0 0
0 0
0 0
0 0
0 0
0 0
0 0
0 0
0 0
0 0
0 0
0 0
0 0
0 0
0 0
0 0
0 0
0 0
0 0
0 0
0 0
0 0
0 0
0 0
0 0
0 0
0 0
0 0
0 0
0 0
0 0
0 0
0 0
FINISHED RECURSIVE SORTS: 0
COUNT NUMBER IN EACH BIN: 0
FINISHED FIRST ROUND: 0
5 7405787
4 7820321
4 8430626
4 8792971
4 8956423
4 8476818
4 9036386
3 7069038
3 6882353
4 8063221
4 8239330
4 8667381
4 8748868
4 8358127
3 6897669
4 7573254
4 8262383
4 8327539
4 8918340
3 7052255
4 8440743
3 6637762
3 6756364
3 6961790
3 6900986
3 6838076
3 8081736
4 8845844
3 7407707
4 8243983
3 7359581
4 8583556
3 7101487
3 7079927
3 6857119
3 6838213
3 7717021
3 6618502
3 7066929
3 6951663
3 8334512
3 7440581
3 8250724
2 7228339
3 8510446
3 7268133
3 7646688
3 8041143
3 8302141
3 8320342
3 8278815
3 9220437
3 7619930
3 6272352
3 6250004
3 6205003
3 7012409
3 6671139
3 6469530
3 7408479
3 6680729
3 7404681
3 6188884
3 6483226
3 8165677
3 8228502
3 7934471
3 7666410
3 6848166
3 7079370
3 7682069
3 8655906
3 7730063
3 8891550
3 8139399
3 8503053
2 5781433
3 7672351
3 7258599
3 6547517
3 6979808
3 6954119
3 7124896
3 7057442
3 7222669
3 7144689
3 6900765
3 7353167
3 7638077
3 6657962
3 7054530
3 7878475
2 5613552
2 5679875
2 5434006
2 5207682
2 5452373
2 5644842
2 5167346
2 5976699
2 5960225
2 5476735
2 5795826
2 6676152
2 7253320
2 6219982
2 6117162
2 6102482
2 6274990
2 7107704
2 7363831
2 5909699
2 6002295
2 6292682
1 3771447
2 6386597
1 3454114
2 6248675
1 3269201
2 5922424
1 3265526
1 3338972
1 3071310
1 3024717
1 3606318
1 4517751
0 0
0 0
FINISHED RECURSIVE SORTS: 1
SORTED NEW EDGES: 29
COUNT NUMBER IN EACH BIN: 0
FINISHED FIRST ROUND: 1
3 25165824
3 25165824
3 25165824
3 25165824
3 25165824
3 25165824
3 25165824
3 25165824
3 25165824
3 25165824
3 25165824
3 25165824
3 25165824
3 25165824
3 25165824
3 25165824
3 25165824
3 25165824
3 25165824
3 25165824
3 25165824
3 25165824
3 25165824
3 25165824
3 25165824
3 25165824
3 25165824
3 25165824
3 25165824
3 25165824
3 25165824
3 25165824
3 25165824
3 25165824
3 25165824
3 25165824
3 25165824
3 25165824
3 25165824
3 25165824
3 25165824
3 25165824
3 25165824
3 25165824
3 25165824
3 25165824
3 25165824
3 25165824
3 25165824
3 25165824
3 25165824
3 25165824
3 25165824
3 25165824
3 25165824
3 25165824
3 25165824
3 25165824
3 25165824
3 25165824
3 25165824
3 25165824
3 25165824
3 25165824
3 25165824
3 25165824
3 25165824
3 25165824
3 25165824
3 25165824
3 25165824
3 25165824
3 25165824
3 25165824
3 25165824
3 25165824
3 25165824
3 25165824
3 25165824
3 25165824
3 25165824
3 25165824
3 25165824
3 25165824
3 25165824
3 25165824
3 25165824
3 25165824
3 25165824
3 25165824
3 25165824
3 25165824
3 25165824
3 25165824
3 25165824
3 25165824
3 25165824
3 25165824
2 16777216
2 16777216
2 16777216
2 16777216
2 16777216
2 16777216
2 16777216
2 16777216
2 16777216
2 16777216
2 16777216
2 16777216
2 16777216
2 16777216
2 16777216
2 16777216
2 16777216
2 16777216
2 16777216
2 16777216
2 16777216
2 16777216
2 16777216
2 16777216
2 16777216
2 16777216
2 16777216
2 16777216
2 16777216
2 14579869
FINISHED RECURSIVE SORTS: 3
RE-SORTED NODES: 40
PROCESS EDGES: 9
REMOVE Y: 3
COUNT NUMBER IN EACH BIN: 0
FINISHED FIRST ROUND: 1
3 25168451
3 25169910
3 25169922
3 25170209
3 25170897
3 25170331
3 25169950
3 25170961
3 25171000
3 25170178
3 25170739
3 25170125
3 25170555
3 25171491
3 25171345
3 25171481
3 25172148
3 25173039
3 25171877
3 25169906
3 25169311
3 25168928
3 25170546
3 25170199
3 25170126
3 25168856
3 25168649
3 25169025
3 25168914
3 25168836
3 25169175
3 25169492
3 25168825
3 25169621
3 25170492
3 25168166
3 25167628
3 25169486
3 25172119
3 25179668
3 25175180
3 25168035
3 25168273
3 25168690
3 25166910
3 25166911
3 25166931
3 25166741
3 25167663
3 25166915
3 25166685
3 25166890
3 25167122
3 25167317
3 25166889
3 25166868
3 25166955
3 25166789
3 25166891
3 25171886
3 25172481
3 25175370
3 25171383
3 25170257
3 25169001
3 25170208
3 25168399
3 25168801
3 25169746
3 25172182
3 25170534
3 25170242
3 25171937
3 25176976
3 25177501
3 25172402
3 25172994
3 25173275
3 25172073
3 25171419
3 25172571
3 25174557
3 25173418
3 25166830
3 25166782
3 25166756
3 25166761
3 25166910
3 25166682
3 25166493
3 25166460
3 25167354
3 25167392
3 25169181
3 25166730
3 25166320
3 25166217
3 25166325
2 16777526
2 16777552
2 16778476
2 16778109
2 16778257
2 16777789
2 16777807
2 16777629
2 16777846
2 16777907
2 16777803
2 16777967
2 16777762
2 16777684
2 16777750
2 16777689
2 16778545
2 16777717
2 16777611
2 16777826
2 16777743
2 16777599
2 16777724
2 16777623
2 16777622
2 16777608
2 16777624
2 16777563
2 16777603
2 14580068
FINISHED RECURSIVE SORTS: 2
SORT, Make index: 34
TOTAL: 154
Allocating ftab, absorbFtab
Entering GFM loop
Exited GFM loop
fchr[A]: 0
fchr[C]: 1483755115
fchr[G]: 2089631673
fchr[T]: 2089631673
fchr[$]: 2967766066
Exiting GFM::buildToDisk()
Returning from initFromVector
Wrote 1830540711 bytes to primary GFM file: results/index/hisat3n/hisat3n.3n.GA.1.ht2
Wrote 741842476 bytes to secondary GFM file: results/index/hisat3n/hisat3n.3n.GA.2.ht2
Re-opening _in1 and _in2 as input streams
Returning from GFM constructor
Warning: a local graph exploded (offset: 2405786226, length: 57344)
Warning: a local graph exploded (offset: 2405786226, length: 57344)
Returning from initFromVector
Wrote 1758649415 bytes to primary GFM file: results/index/hisat3n/hisat3n.3n.GA.5.ht2
Wrote 751239534 bytes to secondary GFM file: results/index/hisat3n/hisat3n.3n.GA.6.ht2
Re-opening _in5 and _in5 as input streams
Returning from HGFM constructor
Headers:
    len: 2948627755
    gbwtLen: 2967766067
    nodes: 2967369884
    sz: 1474313878
    gbwtSz: 1483883034
    lineRate: 7
    offRate: 4
    offMask: 0xfffffff0
    ftabChars: 10
    eftabLen: 0
    eftabSz: 0
    ftabLen: 1048577
    ftabSz: 4194308
    offsLen: 185460618
    offsSz: 741842472
    lineSz: 128
    sideSz: 128
    sideGbwtSz: 104
    sideGbwtLen: 208
    numSides: 14268107
    numLines: 14268107
    gbwtTotLen: 1826317696
    gbwtTotSz: 1826317696
    reverse: 0
    linearFM: No
Total time for call to driver() for forward index: 01:29:47
